Archive member included to satisfy reference by file (symbol)

/opt/devkitpro/wut/lib/libwut.a(coreinit.o)
                              proc.o (OSEnableHomeButtonMenu)
/opt/devkitpro/wut/lib/libwut.a(proc_ui.o)
                              proc.o (ProcUIDrawDoneRelease)
/opt/devkitpro/wut/lib/libwut.a(sysapp.o)
                              proc.o (SYSLaunchMenu)
/opt/devkitpro/wut/lib/libwut.a(vpad.o)
                              main.o (VPADInit)
/opt/devkitpro/wut/lib/libwut.a(crt0_rpx.o)
                              (__rpx_start)
/opt/devkitpro/wut/lib/libwut.a(wut_crt.o)
                              /opt/devkitpro/wut/lib/libwut.a(crt0_rpx.o) (__init_wut)
/opt/devkitpro/wut/lib/libwut.a(wut_preinit.o)
                              /opt/devkitpro/wut/lib/libwut.a(crt0_rpx.o) (__preinit_user)
/opt/devkitpro/wut/lib/libwut.a(wut_newlib.o)
                              /opt/devkitpro/wut/lib/libwut.a(wut_crt.o) (__init_wut_newlib)
/opt/devkitpro/wut/lib/libwut.a(wut_reent.o)
                              /opt/devkitpro/wut/lib/libwut.a(wut_newlib.o) (__wut_getreent)
/opt/devkitpro/wut/lib/libwut.a(wut_sbrk.o)
                              /opt/devkitpro/wut/lib/libwut.a(wut_newlib.o) (__wut_sbrk_r)
/opt/devkitpro/wut/lib/libwut.a(wut_thread.o)
                              /opt/devkitpro/wut/lib/libwut.a(wut_preinit.o) (__init_wut_thread)
/opt/devkitpro/wut/lib/libwut.a(wut_thread_specific.o)
                              /opt/devkitpro/wut/lib/libwut.a(wut_reent.o) (wut_set_thread_specific)
/opt/devkitpro/wut/lib/libwut.a(wut_defaultheap.o)
                              /opt/devkitpro/wut/lib/libwut.a(wut_preinit.o) (__init_wut_defaultheap)
/opt/devkitpro/wut/lib/libwut.a(gfx.o)
                              main.o (WHBGfxInit)
/opt/devkitpro/wut/lib/libwut.a(gfx_heap.o)
                              /opt/devkitpro/wut/lib/libwut.a(gfx.o) (GfxHeapInitMEM1)
/opt/devkitpro/wut/lib/libwut.a(log.o)
                              /opt/devkitpro/wut/lib/libwut.a(gfx.o) (WHBLogPrint)
/opt/devkitpro/wut/lib/libwut.a(log_udp.o)
                              main.o (WHBLogUdpInit)
/opt/devkitpro/wut/lib/libwut.a(devoptab_fsa.o)
                              /opt/devkitpro/wut/lib/libwut.a(wut_crt.o) (__init_wut_devoptab)
/opt/devkitpro/wut/lib/libwut.a(devoptab_fsa_dirclose.o)
                              /opt/devkitpro/wut/lib/libwut.a(devoptab_fsa.o) (__wut_fsa_dirclose)
/opt/devkitpro/wut/lib/libwut.a(devoptab_fsa_dirnext.o)
                              /opt/devkitpro/wut/lib/libwut.a(devoptab_fsa.o) (__wut_fsa_dirnext)
/opt/devkitpro/wut/lib/libwut.a(devoptab_fsa_diropen.o)
                              /opt/devkitpro/wut/lib/libwut.a(devoptab_fsa.o) (__wut_fsa_diropen)
/opt/devkitpro/wut/lib/libwut.a(devoptab_fsa_dirreset.o)
                              /opt/devkitpro/wut/lib/libwut.a(devoptab_fsa.o) (__wut_fsa_dirreset)
/opt/devkitpro/wut/lib/libwut.a(devoptab_fsa_fstat.o)
                              /opt/devkitpro/wut/lib/libwut.a(devoptab_fsa.o) (__wut_fsa_fstat)
/opt/devkitpro/wut/lib/libwut.a(devoptab_fsa_fsync.o)
                              /opt/devkitpro/wut/lib/libwut.a(devoptab_fsa.o) (__wut_fsa_fsync)
/opt/devkitpro/wut/lib/libwut.a(devoptab_fsa_mkdir.o)
                              /opt/devkitpro/wut/lib/libwut.a(devoptab_fsa.o) (__wut_fsa_mkdir)
/opt/devkitpro/wut/lib/libwut.a(devoptab_fsa_open.o)
                              /opt/devkitpro/wut/lib/libwut.a(devoptab_fsa.o) (__wut_fsa_open)
/opt/devkitpro/wut/lib/libwut.a(devoptab_fsa_read.o)
                              /opt/devkitpro/wut/lib/libwut.a(devoptab_fsa.o) (__wut_fsa_read)
/opt/devkitpro/wut/lib/libwut.a(devoptab_fsa_rename.o)
                              /opt/devkitpro/wut/lib/libwut.a(devoptab_fsa.o) (__wut_fsa_rename)
/opt/devkitpro/wut/lib/libwut.a(devoptab_fsa_rmdir.o)
                              /opt/devkitpro/wut/lib/libwut.a(devoptab_fsa.o) (__wut_fsa_rmdir)
/opt/devkitpro/wut/lib/libwut.a(devoptab_fsa_seek.o)
                              /opt/devkitpro/wut/lib/libwut.a(devoptab_fsa.o) (__wut_fsa_seek)
/opt/devkitpro/wut/lib/libwut.a(devoptab_fsa_stat.o)
                              /opt/devkitpro/wut/lib/libwut.a(devoptab_fsa.o) (__wut_fsa_stat)
/opt/devkitpro/wut/lib/libwut.a(devoptab_fsa_statvfs.o)
                              /opt/devkitpro/wut/lib/libwut.a(devoptab_fsa.o) (__wut_fsa_statvfs)
/opt/devkitpro/wut/lib/libwut.a(devoptab_fsa_truncate.o)
                              /opt/devkitpro/wut/lib/libwut.a(devoptab_fsa.o) (__wut_fsa_ftruncate)
/opt/devkitpro/wut/lib/libwut.a(devoptab_fsa_unlink.o)
                              /opt/devkitpro/wut/lib/libwut.a(devoptab_fsa.o) (__wut_fsa_unlink)
/opt/devkitpro/wut/lib/libwut.a(devoptab_fsa_utils.o)
                              /opt/devkitpro/wut/lib/libwut.a(devoptab_fsa_dirnext.o) (__wut_fsa_hashstring)
/opt/devkitpro/wut/lib/libwut.a(devoptab_fsa_write.o)
                              /opt/devkitpro/wut/lib/libwut.a(devoptab_fsa.o) (__wut_fsa_write)
[...]
Memory Configuration

Name             Origin             Length             Attributes
codemem          0x02000000         0x0e000000         xrw
datamem          0x10000000         0x32000000         rw
loadmem          0xc0000000         0x08000000         xrw
*default*        0x00000000         0xffffffff

Linker script and memory map

                0x02000000                        . = ORIGIN (codemem)

.syscall
 *(.syscall .syscall.*)

.text           0x02000000    0x119dc
 *(.crt0)
 .crt0          0x02000000       0x60 /opt/devkitpro/wut/lib/libwut.a(crt0_rpx.o)
                                 0x50 (size before relaxing)
                0x02000000                __rpx_start
 *(SORT_NONE(.init))
 .init          0x02000060        0xc /opt/devkitpro/devkitPPC/lib/gcc/powerpc-eabi/16.1.0/ecrti.o
                0x02000060                __init
 .init          0x0200006c        0x4 /opt/devkitpro/devkitPPC/lib/gcc/powerpc-eabi/16.1.0/crtbegin.o
 .init          0x02000070        0x4 /opt/devkitpro/devkitPPC/lib/gcc/powerpc-eabi/16.1.0/crtend.o
 .init          0x02000074       0x10 /opt/devkitpro/devkitPPC/lib/gcc/powerpc-eabi/16.1.0/ecrtn.o
 *(.text.unlikely .text.*_unlikely .text.unlikely.*)
 .text.unlikely.abort
                0x02000084       0x2c /opt/devkitpro/devkitPPC/lib/gcc/powerpc-eabi/16.1.0/../../../../powerpc-eabi/lib/libsysbase.a(libsysbase_libsysbase_a-abort.o)
                0x02000084                abort
 *(.text.exit .text.exit.*)
 .text.exit     0x020000b0       0x3c /opt/devkitpro/devkitPPC/lib/gcc/powerpc-eabi/16.1.0/../../../../powerpc-eabi/lib/libc.a(libc_a-exit.o)
                0x020000b0                exit
 *(.text.startup .text.startup.*)
 .text.startup.main
                0x020000ec      0x264 main.o
                                0x244 (size before relaxing)
                0x020000ec                main
 .text.startup.register_fini
                0x02000350        0xc /opt/devkitpro/devkitPPC/lib/gcc/powerpc-eabi/16.1.0/../../../../powerpc-eabi/lib/libc.a(libc_a-__call_atexit.o)
 *(.text.hot .text.hot.*)
 *(SORT_BY_NAME(.text.sorted.*))
 *(.text .stub .text.* .gnu.linkonce.t.*)
 .text.__do_global_dtors_aux
                0x0200035c       0xcc /opt/devkitpro/devkitPPC/lib/gcc/powerpc-eabi/16.1.0/crtbegin.o
 .text.frame_dummy
                0x02000428       0x24 /opt/devkitpro/devkitPPC/lib/gcc/powerpc-eabi/16.1.0/crtbegin.o
 .text.on_save  0x0200044c       0x34 proc.o
                                 0x24 (size before relaxing)
 .text.on_home_denied
                0x02000480       0x2c proc.o
 .text.proc_init
                0x020004ac      0x1a8 proc.o
                                0x168 (size before relaxing)
                0x020004ac                proc_init
 .text.proc_running
                0x02000654       0xb0 proc.o
                                 0x80 (size before relaxing)
                0x02000654                proc_running
 .text.proc_stop
                0x02000704       0x34 proc.o
                                 0x24 (size before relaxing)
                0x02000704                proc_stop
 .text.proc_shutdown
                0x02000738       0x60 proc.o
                                 0x50 (size before relaxing)
                0x02000738                proc_shutdown
 .text.__init_wut
                0x02000798       0x44 /opt/devkitpro/wut/lib/libwut.a(wut_crt.o)
                0x02000798                __init_wut
 .text.__fini_wut
                0x020007dc       0x34 /opt/devkitpro/wut/lib/libwut.a(wut_crt.o)
                0x020007dc                __fini_wut
 .text.__preinit_user
                0x02000810       0x28 /opt/devkitpro/wut/lib/libwut.a(wut_preinit.o)
                0x02000810                __preinit_user
 .text.__wut__abort
                0x02000838       0x54 /opt/devkitpro/wut/lib/libwut.a(wut_newlib.o)
                                 0x34 (size before relaxing)
                0x02000838                __wut__abort
 .text.__wut__assert_func
                0x0200088c      0x178 /opt/devkitpro/wut/lib/libwut.a(wut_newlib.o)
                                0x148 (size before relaxing)
                0x0200088c                __wut__assert_func
 .text._sbrk_r  0x02000a04        0x4 /opt/devkitpro/wut/lib/libwut.a(wut_newlib.o)
                0x02000a04                _sbrk_r
 .text.__syscall_getreent
                0x02000a08        0x4 /opt/devkitpro/wut/lib/libwut.a(wut_newlib.o)
                0x02000a08                __syscall_getreent
 .text.__syscall_exit
                0x02000a0c       0x3c /opt/devkitpro/wut/lib/libwut.a(wut_newlib.o)
                0x02000a0c                __syscall_exit
 .text.__syscall_abort
                0x02000a48       0x10 /opt/devkitpro/wut/lib/libwut.a(wut_newlib.o)
                0x02000a48                __syscall_abort
 .text.__syscall_assert_func
                0x02000a58       0x10 /opt/devkitpro/wut/lib/libwut.a(wut_newlib.o)
                0x02000a58                __syscall_assert_func
 .text.__init_wut_newlib
                0x02000a68       0x14 /opt/devkitpro/wut/lib/libwut.a(wut_newlib.o)
                0x02000a68                __init_wut_newlib
 .text.__fini_wut_newlib
                0x02000a7c        0x4 /opt/devkitpro/wut/lib/libwut.a(wut_newlib.o)
                0x02000a7c                __fini_wut_newlib
 .text.__wut_thread_cleanup
                0x02000a80       0xac /opt/devkitpro/wut/lib/libwut.a(wut_reent.o)
 .text.__wut_getreent
                0x02000b2c      0x12c /opt/devkitpro/wut/lib/libwut.a(wut_reent.o)
                                0x10c (size before relaxing)
                0x02000b2c                __wut_getreent
 .text.__wut_sbrk_r
                0x02000c58       0xd4 /opt/devkitpro/wut/lib/libwut.a(wut_sbrk.o)
                                 0xc4 (size before relaxing)
                0x02000c58                __wut_sbrk_r
 .text.__init_wut_sbrk_heap
                0x02000d2c       0x90 /opt/devkitpro/wut/lib/libwut.a(wut_sbrk.o)
                                 0x70 (size before relaxing)
                0x02000d2c                __init_wut_sbrk_heap
 .text.__fini_wut_sbrk_heap
                0x02000dbc       0x88 /opt/devkitpro/wut/lib/libwut.a(wut_sbrk.o)
                                 0x78 (size before relaxing)
                0x02000dbc                __fini_wut_sbrk_heap
 .text.__init_wut_thread
                0x02000e44       0x40 /opt/devkitpro/wut/lib/libwut.a(wut_thread.o)
                                 0x30 (size before relaxing)
                0x02000e44                __init_wut_thread
 .text.__syscall_malloc_lock
                0x02000e84       0x1c /opt/devkitpro/wut/lib/libwut.a(wut_thread.o)
                                  0xc (size before relaxing)
                0x02000e84                __syscall_malloc_lock
 .text.__syscall_malloc_unlock
                0x02000ea0       0x1c /opt/devkitpro/wut/lib/libwut.a(wut_thread.o)
                                  0xc (size before relaxing)
                0x02000ea0                __syscall_malloc_unlock
 .text.__syscall_lock_acquire
                0x02000ebc       0xec /opt/devkitpro/wut/lib/libwut.a(wut_thread.o)
                                 0xac (size before relaxing)
                0x02000ebc                __syscall_lock_acquire
 .text.__syscall_lock_release
                0x02000fa8       0xec /opt/devkitpro/wut/lib/libwut.a(wut_thread.o)
                                 0xac (size before relaxing)
                0x02000fa8                __syscall_lock_release
 .text.__syscall_lock_acquire_recursive
                0x02001094       0xec /opt/devkitpro/wut/lib/libwut.a(wut_thread.o)
                                 0xac (size before relaxing)
                0x02001094                __syscall_lock_acquire_recursive
 .text.__syscall_lock_release_recursive
                0x02001180       0xec /opt/devkitpro/wut/lib/libwut.a(wut_thread.o)
                                 0xac (size before relaxing)
                0x02001180                __syscall_lock_release_recursive
 .text.wut_set_thread_specific
                0x0200126c       0x18 /opt/devkitpro/wut/lib/libwut.a(wut_thread_specific.o)
                                  0x8 (size before relaxing)
                0x0200126c                wut_set_thread_specific
 .text.wut_get_thread_specific
                0x02001284       0x18 /opt/devkitpro/wut/lib/libwut.a(wut_thread_specific.o)
                                  0x8 (size before relaxing)
                0x02001284                wut_get_thread_specific
 .text.__wut_alloc_from_defaultheap
                0x0200129c        0x4 /opt/devkitpro/wut/lib/libwut.a(wut_defaultheap.o)
                0x0200129c                __wut_alloc_from_defaultheap
 .text.__wut_alloc_from_defaultheap_ex
                0x020012a0       0x10 /opt/devkitpro/wut/lib/libwut.a(wut_defaultheap.o)
                0x020012a0                __wut_alloc_from_defaultheap_ex
 .text.__wut_free_to_defaultheap
                0x020012b0        0x4 /opt/devkitpro/wut/lib/libwut.a(wut_defaultheap.o)
                0x020012b0                __wut_free_to_defaultheap
 .text.__init_wut_defaultheap
                0x020012b4       0x34 /opt/devkitpro/wut/lib/libwut.a(wut_defaultheap.o)
                0x020012b4                __init_wut_defaultheap
 .text.GfxGX2RFree
                0x020012e8       0x24 /opt/devkitpro/wut/lib/libwut.a(gfx.o)
 .text.GfxProcCallbackReleased
                0x0200130c      0x128 /opt/devkitpro/wut/lib/libwut.a(gfx.o)
                                0x118 (size before relaxing)
 .text.GfxGX2RAlloc
                0x02001434       0x28 /opt/devkitpro/wut/lib/libwut.a(gfx.o)
 .text.GfxProcCallbackAcquired
                0x0200145c      0x320 /opt/devkitpro/wut/lib/libwut.a(gfx.o)
                                0x2f0 (size before relaxing)
 .text.WHBGfxInit
                0x0200177c      0xb78 /opt/devkitpro/wut/lib/libwut.a(gfx.o)
                                0xa38 (size before relaxing)
                0x0200177c                WHBGfxInit
 .text.WHBGfxShutdown
                0x020022f4      0x10c /opt/devkitpro/wut/lib/libwut.a(gfx.o)
                                 0xdc (size before relaxing)
                0x020022f4                WHBGfxShutdown
 .text.WHBGfxBeginRender
                0x02002400       0x94 /opt/devkitpro/wut/lib/libwut.a(gfx.o)
                                 0x74 (size before relaxing)
                0x02002400                WHBGfxBeginRender
 .text.WHBGfxFinishRender
                0x02002494       0x84 /opt/devkitpro/wut/lib/libwut.a(gfx.o)
                                 0x34 (size before relaxing)
                0x02002494                WHBGfxFinishRender
 .text.WHBGfxClearColor
                0x02002518       0xc4 /opt/devkitpro/wut/lib/libwut.a(gfx.o)
                                 0x94 (size before relaxing)
                0x02002518                WHBGfxClearColor
 .text.WHBGfxBeginRenderDRC
                0x020025dc       0x44 /opt/devkitpro/wut/lib/libwut.a(gfx.o)
                                 0x34 (size before relaxing)
                0x020025dc                WHBGfxBeginRenderDRC
 .text.WHBGfxFinishRenderDRC
                0x02002620       0x20 /opt/devkitpro/wut/lib/libwut.a(gfx.o)
                                 0x10 (size before relaxing)
                0x02002620                WHBGfxFinishRenderDRC
 .text.WHBGfxBeginRenderTV
                0x02002640       0x44 /opt/devkitpro/wut/lib/libwut.a(gfx.o)
                                 0x34 (size before relaxing)
                0x02002640                WHBGfxBeginRenderTV
 .text.WHBGfxFinishRenderTV
                0x02002684       0x20 /opt/devkitpro/wut/lib/libwut.a(gfx.o)
                                 0x10 (size before relaxing)
                0x02002684                WHBGfxFinishRenderTV
 .text.GfxHeapInitMEM1
                0x020026a4      0x198 /opt/devkitpro/wut/lib/libwut.a(gfx_heap.o)
                                0x148 (size before relaxing)
                0x020026a4                GfxHeapInitMEM1
 .text.GfxHeapDestroyMEM1
                0x0200283c       0x94 /opt/devkitpro/wut/lib/libwut.a(gfx_heap.o)
                                 0x64 (size before relaxing)
                0x0200283c                GfxHeapDestroyMEM1
 .text.GfxHeapInitForeground
                0x020028d0      0x14c /opt/devkitpro/wut/lib/libwut.a(gfx_heap.o)
                                0x10c (size before relaxing)
                0x020028d0                GfxHeapInitForeground
 .text.GfxHeapDestroyForeground
                0x02002a1c       0x90 /opt/devkitpro/wut/lib/libwut.a(gfx_heap.o)
                                 0x60 (size before relaxing)
                0x02002a1c                GfxHeapDestroyForeground
 .text.GfxHeapAllocMEM1
                0x02002aac       0x4c /opt/devkitpro/wut/lib/libwut.a(gfx_heap.o)
                                 0x3c (size before relaxing)
                0x02002aac                GfxHeapAllocMEM1
 .text.GfxHeapFreeMEM1
                0x02002af8       0x2c /opt/devkitpro/wut/lib/libwut.a(gfx_heap.o)
                                 0x1c (size before relaxing)
                0x02002af8                GfxHeapFreeMEM1
 .text.GfxHeapAllocForeground
                0x02002b24       0x4c /opt/devkitpro/wut/lib/libwut.a(gfx_heap.o)
                                 0x3c (size before relaxing)
                0x02002b24                GfxHeapAllocForeground
 .text.GfxHeapFreeForeground
                0x02002b70       0x2c /opt/devkitpro/wut/lib/libwut.a(gfx_heap.o)
                                 0x1c (size before relaxing)
                0x02002b70                GfxHeapFreeForeground
 .text.GfxHeapAllocMEM2
                0x02002b9c       0x1c /opt/devkitpro/wut/lib/libwut.a(gfx_heap.o)
                0x02002b9c                GfxHeapAllocMEM2
 .text.GfxHeapFreeMEM2
                0x02002bb8       0x10 /opt/devkitpro/wut/lib/libwut.a(gfx_heap.o)
                0x02002bb8                GfxHeapFreeMEM2
 .text.WHBAddLogHandler
                0x02002bc8       0x6c /opt/devkitpro/wut/lib/libwut.a(log.o)
                0x02002bc8                WHBAddLogHandler
 .text.WHBRemoveLogHandler
                0x02002c34       0x60 /opt/devkitpro/wut/lib/libwut.a(log.o)
                0x02002c34                WHBRemoveLogHandler
 .text.WHBLogPrint
                0x02002c94       0xf4 /opt/devkitpro/wut/lib/libwut.a(log.o)
                0x02002c94                WHBLogPrint
 .text.WHBLogPrintf
                0x02002d88      0x1c0 /opt/devkitpro/wut/lib/libwut.a(log.o)
                0x02002d88                WHBLogPrintf
 .text.udpLogHandler
                0x02002f48       0x4c /opt/devkitpro/wut/lib/libwut.a(log_udp.o)
 .text.WHBLogUdpInit
                0x02002f94       0xec /opt/devkitpro/wut/lib/libwut.a(log_udp.o)
                                 0xcc (size before relaxing)
                0x02002f94                WHBLogUdpInit
 .text.WHBLogUdpDeinit
                0x02003080       0x4c /opt/devkitpro/wut/lib/libwut.a(log_udp.o)
                0x02003080                WHBLogUdpDeinit
 .text.__init_wut_devoptab
                0x020030cc      0x20c /opt/devkitpro/wut/lib/libwut.a(devoptab_fsa.o)
                                0x1bc (size before relaxing)
                0x020030cc                __init_wut_devoptab
 .text.__fini_wut_devoptab
                0x020032d8       0xac /opt/devkitpro/wut/lib/libwut.a(devoptab_fsa.o)
                                 0x8c (size before relaxing)
                0x020032d8                __fini_wut_devoptab
 .text.__wut_fsa_dirclose
                0x02003384       0xd0 /opt/devkitpro/wut/lib/libwut.a(devoptab_fsa_dirclose.o)
                                 0xa0 (size before relaxing)
                0x02003384                __wut_fsa_dirclose
 .text.__wut_fsa_dirnext
                0x02003454      0x1dc /opt/devkitpro/wut/lib/libwut.a(devoptab_fsa_dirnext.o)
                                0x1ac (size before relaxing)
                0x02003454                __wut_fsa_dirnext
 .text.__wut_fsa_diropen
                0x02003630      0x1bc /opt/devkitpro/wut/lib/libwut.a(devoptab_fsa_diropen.o)
                                0x17c (size before relaxing)
                0x02003630                __wut_fsa_diropen
 .text.__wut_fsa_dirreset
                0x020037ec       0xd0 /opt/devkitpro/wut/lib/libwut.a(devoptab_fsa_dirreset.o)
                                 0xa0 (size before relaxing)
                0x020037ec                __wut_fsa_dirreset
 .text.__wut_fsa_fstat
                0x020038bc      0x104 /opt/devkitpro/wut/lib/libwut.a(devoptab_fsa_fstat.o)
                                 0xd4 (size before relaxing)
                0x020038bc                __wut_fsa_fstat
 .text.__wut_fsa_fsync
                0x020039c0       0xcc /opt/devkitpro/wut/lib/libwut.a(devoptab_fsa_fsync.o)
                                 0x9c (size before relaxing)
                0x020039c0                __wut_fsa_fsync
 .text.__wut_fsa_mkdir
                0x02003a8c       0xf0 /opt/devkitpro/wut/lib/libwut.a(devoptab_fsa_mkdir.o)
                                 0xe0 (size before relaxing)
                0x02003a8c                __wut_fsa_mkdir
 .text.__wut_fsa_open
                0x02003b7c      0x53c /opt/devkitpro/wut/lib/libwut.a(devoptab_fsa_open.o)
                                0x4cc (size before relaxing)
                0x02003b7c                __wut_fsa_open
 .text.__wut_fsa_read
                0x020040b8      0x1ec /opt/devkitpro/wut/lib/libwut.a(devoptab_fsa_read.o)
                                0x1bc (size before relaxing)
                0x020040b8                __wut_fsa_read
 .text.__wut_fsa_rename
                0x020042a4      0x124 /opt/devkitpro/wut/lib/libwut.a(devoptab_fsa_rename.o)
                                0x114 (size before relaxing)
                0x020042a4                __wut_fsa_rename
 .text.__wut_fsa_rmdir
                0x020043c8       0xd4 /opt/devkitpro/wut/lib/libwut.a(devoptab_fsa_rmdir.o)
                                 0xc4 (size before relaxing)
                0x020043c8                __wut_fsa_rmdir
 .text.__wut_fsa_seek
                0x0200449c      0x1c8 /opt/devkitpro/wut/lib/libwut.a(devoptab_fsa_seek.o)
                                0x188 (size before relaxing)
                0x0200449c                __wut_fsa_seek
 .text.__wut_fsa_stat
                0x02004664      0x128 /opt/devkitpro/wut/lib/libwut.a(devoptab_fsa_stat.o)
                                0x118 (size before relaxing)
                0x02004664                __wut_fsa_stat
 .text.__wut_fsa_statvfs
                0x0200478c      0x178 /opt/devkitpro/wut/lib/libwut.a(devoptab_fsa_statvfs.o)
                                0x168 (size before relaxing)
                0x0200478c                __wut_fsa_statvfs
 .text.__wut_fsa_ftruncate
                0x02004904      0x108 /opt/devkitpro/wut/lib/libwut.a(devoptab_fsa_truncate.o)
                                 0xc8 (size before relaxing)
                0x02004904                __wut_fsa_ftruncate
 .text.__wut_fsa_unlink
                0x02004a0c       0xd4 /opt/devkitpro/wut/lib/libwut.a(devoptab_fsa_unlink.o)
                                 0xc4 (size before relaxing)
                0x02004a0c                __wut_fsa_unlink
 .text.__wut_fsa_hashstring
                0x02004ae0       0x40 /opt/devkitpro/wut/lib/libwut.a(devoptab_fsa_utils.o)
                0x02004ae0                __wut_fsa_hashstring
 .text.__wut_fsa_fixpath
                0x02004b20      0x368 /opt/devkitpro/wut/lib/libwut.a(devoptab_fsa_utils.o)
                0x02004b20                __wut_fsa_fixpath
 .text.__wut_fsa_translate_stat_mode
                0x02004e88       0x7c /opt/devkitpro/wut/lib/libwut.a(devoptab_fsa_utils.o)
                0x02004e88                __wut_fsa_translate_stat_mode
 .text.__wut_fsa_translate_stat
                0x02004f04      0x144 /opt/devkitpro/wut/lib/libwut.a(devoptab_fsa_utils.o)
                0x02004f04                __wut_fsa_translate_stat
 .text.__wut_fsa_translate_error
                0x02005048       0x28 /opt/devkitpro/wut/lib/libwut.a(devoptab_fsa_utils.o)
                0x02005048                __wut_fsa_translate_error
 .text.__wut_fsa_write
                0x02005070      0x204 /opt/devkitpro/wut/lib/libwut.a(devoptab_fsa_write.o)
                                0x1d4 (size before relaxing)
                0x02005070                __wut_fsa_write
 .text.sendto   0x02005274       0xb8 /opt/devkitpro/wut/lib/libwut.a(sendto.o)
                                 0xa8 (size before relaxing)
                0x02005274                sendto
 .text.setsockopt
                0x0200532c       0xa4 /opt/devkitpro/wut/lib/libwut.a(setsockopt.o)
                                 0x94 (size before relaxing)
                0x0200532c                setsockopt
 .text.shutdown
                0x020053d0       0x68 /opt/devkitpro/wut/lib/libwut.a(shutdown.o)
                                 0x58 (size before relaxing)
                0x020053d0                shutdown
 .text.socket   0x02005438       0xe0 /opt/devkitpro/wut/lib/libwut.a(socket.o)
                                 0xd0 (size before relaxing)
                0x02005438                socket
 .text.__init_wut_socket
                0x02005518       0x78 /opt/devkitpro/wut/lib/libwut.a(wut_socket_common.o)
                                 0x38 (size before relaxing)
                0x02005518                __init_wut_socket
 .text.__fini_wut_socket
                0x02005590       0x60 /opt/devkitpro/wut/lib/libwut.a(wut_socket_common.o)
                                 0x30 (size before relaxing)
                0x02005590                __fini_wut_socket
 .text.__wut_get_nsysnet_fd
                0x020055f0       0x8c /opt/devkitpro/wut/lib/libwut.a(wut_socket_common.o)
                0x020055f0                __wut_get_nsysnet_fd
 .text.__wut_get_nsysnet_result
                0x0200567c       0x90 /opt/devkitpro/wut/lib/libwut.a(wut_socket_common.o)
                                 0x80 (size before relaxing)
                0x0200567c                __wut_get_nsysnet_result
 .text.__wut_socket_open
                0x0200570c       0x10 /opt/devkitpro/wut/lib/libwut.a(wut_socket_open.o)
                0x0200570c                __wut_socket_open
 .text.__wut_socket_read
                0x0200571c       0x58 /opt/devkitpro/wut/lib/libwut.a(wut_socket_read.o)
                                 0x48 (size before relaxing)
                0x0200571c                __wut_socket_read
 .text.__wut_socket_write
                0x02005774       0x58 /opt/devkitpro/wut/lib/libwut.a(wut_socket_write.o)
                                 0x48 (size before relaxing)
                0x02005774                __wut_socket_write
 .text.__wut_fsa_chdir
                0x020057cc      0x12c /opt/devkitpro/wut/lib/libwut.a(devoptab_fsa_chdir.o)
                                0x11c (size before relaxing)
                0x020057cc                __wut_fsa_chdir
 .text.__wut_fsa_chmod
                0x020058f8       0xf0 /opt/devkitpro/wut/lib/libwut.a(devoptab_fsa_chmod.o)
                                 0xe0 (size before relaxing)
                0x020058f8                __wut_fsa_chmod
 .text.__wut_fsa_close
                0x020059e8       0xcc /opt/devkitpro/wut/lib/libwut.a(devoptab_fsa_close.o)
                                 0x9c (size before relaxing)
                0x020059e8                __wut_fsa_close
 .text.__wut_socket_close
                0x02005ab4       0x4c /opt/devkitpro/wut/lib/libwut.a(wut_socket_close.o)
                                 0x3c (size before relaxing)
                0x02005ab4                __wut_socket_close
 .text.__divdi3
                0x02005b00      0x448 /opt/devkitpro/devkitPPC/lib/gcc/powerpc-eabi/16.1.0/libgcc.a(_divdi3.o)
                0x02005b00                __divdi3
 .text.__udivdi3
                0x02005f48      0x3c4 /opt/devkitpro/devkitPPC/lib/gcc/powerpc-eabi/16.1.0/libgcc.a(_udivdi3.o)
                0x02005f48                __udivdi3
 .text          0x0200630c       0x48 /opt/devkitpro/devkitPPC/lib/gcc/powerpc-eabi/16.1.0/libgcc.a(eabi.o)
                0x0200630c                __eabi
 .text.chdir    0x02006354      0x1b8 /opt/devkitpro/devkitPPC/lib/gcc/powerpc-eabi/16.1.0/../../../../powerpc-eabi/lib/libsysbase.a(libsysbase_libsysbase_a-chdir.o)
                0x02006354                chdir
 .text._concatenate_path
                0x0200650c      0x27c /opt/devkitpro/devkitPPC/lib/gcc/powerpc-eabi/16.1.0/../../../../powerpc-eabi/lib/libsysbase.a(libsysbase_libsysbase_a-concatenate.o)
                0x0200650c                _concatenate_path
 .text.__getreent
                0x02006788       0x20 /opt/devkitpro/devkitPPC/lib/gcc/powerpc-eabi/16.1.0/../../../../powerpc-eabi/lib/libsysbase.a(libsysbase_libsysbase_a-getreent.o)
                0x02006788                __getreent
 .text.__release_handle
                0x020067a8       0xb4 /opt/devkitpro/devkitPPC/lib/gcc/powerpc-eabi/16.1.0/../../../../powerpc-eabi/lib/libsysbase.a(libsysbase_libsysbase_a-handle_manager.o)
                0x020067a8                __release_handle
 .text.__alloc_handle
                0x0200685c      0x10c /opt/devkitpro/devkitPPC/lib/gcc/powerpc-eabi/16.1.0/../../../../powerpc-eabi/lib/libsysbase.a(libsysbase_libsysbase_a-handle_manager.o)
                0x0200685c                __alloc_handle
 .text.__get_handle
                0x02006968       0x60 /opt/devkitpro/devkitPPC/lib/gcc/powerpc-eabi/16.1.0/../../../../powerpc-eabi/lib/libsysbase.a(libsysbase_libsysbase_a-handle_manager.o)
                0x02006968                __get_handle
 .text._close_r
                0x020069c8      0x168 /opt/devkitpro/devkitPPC/lib/gcc/powerpc-eabi/16.1.0/../../../../powerpc-eabi/lib/libsysbase.a(libsysbase_libsysbase_a-handle_manager.o)
                0x020069c8                _close_r
 .text.null_write
                0x02006b30        0x8 /opt/devkitpro/devkitPPC/lib/gcc/powerpc-eabi/16.1.0/../../../../powerpc-eabi/lib/libsysbase.a(libsysbase_libsysbase_a-iosupport.o)
 .text.setDefaultDevice
                0x02006b38       0x18 /opt/devkitpro/devkitPPC/lib/gcc/powerpc-eabi/16.1.0/../../../../powerpc-eabi/lib/libsysbase.a(libsysbase_libsysbase_a-iosupport.o)
                0x02006b38                setDefaultDevice
 .text.FindDevice
                0x02006b50      0x108 /opt/devkitpro/devkitPPC/lib/gcc/powerpc-eabi/16.1.0/../../../../powerpc-eabi/lib/libsysbase.a(libsysbase_libsysbase_a-iosupport.o)
                0x02006b50                FindDevice
 .text.RemoveDevice
                0x02006c58       0x40 /opt/devkitpro/devkitPPC/lib/gcc/powerpc-eabi/16.1.0/../../../../powerpc-eabi/lib/libsysbase.a(libsysbase_libsysbase_a-iosupport.o)
                0x02006c58                RemoveDevice
 .text.AddDevice
                0x02006c98       0xf4 /opt/devkitpro/devkitPPC/lib/gcc/powerpc-eabi/16.1.0/../../../../powerpc-eabi/lib/libsysbase.a(libsysbase_libsysbase_a-iosupport.o)
                0x02006c98                AddDevice
 .text.__libc_lock_acquire
                0x02006d8c       0x14 /opt/devkitpro/devkitPPC/lib/gcc/powerpc-eabi/16.1.0/../../../../powerpc-eabi/lib/libsysbase.a(libsysbase_libsysbase_a-syscall_support.o)
                0x02006d8c                __libc_lock_acquire
 .text.__libc_lock_release
                0x02006da0       0x14 /opt/devkitpro/devkitPPC/lib/gcc/powerpc-eabi/16.1.0/../../../../powerpc-eabi/lib/libsysbase.a(libsysbase_libsysbase_a-syscall_support.o)
                0x02006da0                __libc_lock_release
 .text.__libc_lock_acquire_recursive
                0x02006db4       0x14 /opt/devkitpro/devkitPPC/lib/gcc/powerpc-eabi/16.1.0/../../../../powerpc-eabi/lib/libsysbase.a(libsysbase_libsysbase_a-syscall_support.o)
                0x02006db4                __libc_lock_acquire_recursive
 .text.__libc_lock_release_recursive
                0x02006dc8       0x14 /opt/devkitpro/devkitPPC/lib/gcc/powerpc-eabi/16.1.0/../../../../powerpc-eabi/lib/libsysbase.a(libsysbase_libsysbase_a-syscall_support.o)
                0x02006dc8                __libc_lock_release_recursive
 .text.__malloc_lock
                0x02006ddc       0x14 /opt/devkitpro/devkitPPC/lib/gcc/powerpc-eabi/16.1.0/../../../../powerpc-eabi/lib/libsysbase.a(libsysbase_libsysbase_a-syscall_support.o)
                0x02006ddc                __malloc_lock
 .text.__malloc_unlock
                0x02006df0       0x14 /opt/devkitpro/devkitPPC/lib/gcc/powerpc-eabi/16.1.0/../../../../powerpc-eabi/lib/libsysbase.a(libsysbase_libsysbase_a-syscall_support.o)
                0x02006df0                __malloc_unlock
 .text._exit    0x02006e04       0x28 /opt/devkitpro/devkitPPC/lib/gcc/powerpc-eabi/16.1.0/../../../../powerpc-eabi/lib/libsysbase.a(libsysbase_libsysbase_a-_exit.o)
                0x02006e04                _exit
 .text.memcpy   0x02006e2c      0x14c /opt/devkitpro/devkitPPC/lib/gcc/powerpc-eabi/16.1.0/../../../../powerpc-eabi/lib/libc.a(libc_a-memcpy.o)
                0x02006e2c                memcpy
 .text.strlen   0x02006f78       0x80 /opt/devkitpro/devkitPPC/lib/gcc/powerpc-eabi/16.1.0/../../../../powerpc-eabi/lib/libc.a(libc_a-strlen.o)
                0x02006f78                strlen
 .text.close    0x02006ff8       0x30 /opt/devkitpro/devkitPPC/lib/gcc/powerpc-eabi/16.1.0/../../../../powerpc-eabi/lib/libc.a(libc_a-sysclose.o)
                0x02006ff8                close
 .text.memalign
                0x02007028       0x40 /opt/devkitpro/devkitPPC/lib/gcc/powerpc-eabi/16.1.0/../../../../powerpc-eabi/lib/libc.a(libc_a-malign.o)
                0x02007028                memalign
 .text.snprintf
                0x02007068      0x130 /opt/devkitpro/devkitPPC/lib/gcc/powerpc-eabi/16.1.0/../../../../powerpc-eabi/lib/libc.a(libc_a-snprintf.o)
                0x02007068                snprintf
 .text.strchr   0x02007198      0x154 /opt/devkitpro/devkitPPC/lib/gcc/powerpc-eabi/16.1.0/../../../../powerpc-eabi/lib/libc.a(libc_a-strchr.o)
                0x02007198                strchr
 .text._memalign_r
                0x020072ec      0x1dc /opt/devkitpro/devkitPPC/lib/gcc/powerpc-eabi/16.1.0/../../../../powerpc-eabi/lib/libc.a(libc_a-malignr.o)
                0x020072ec                _memalign_r
 .text.__errno  0x020074c8       0x20 /opt/devkitpro/devkitPPC/lib/gcc/powerpc-eabi/16.1.0/../../../../powerpc-eabi/lib/libc.a(libc_a-errno.o)
                0x020074c8                __errno
 .text.memset   0x020074e8      0x180 /opt/devkitpro/devkitPPC/lib/gcc/powerpc-eabi/16.1.0/../../../../powerpc-eabi/lib/libc.a(libc_a-memset.o)
                0x020074e8                memset
 .text._vsnprintf_r
                0x02007668       0xd8 /opt/devkitpro/devkitPPC/lib/gcc/powerpc-eabi/16.1.0/../../../../powerpc-eabi/lib/libc.a(libc_a-vsnprintf.o)
                0x02007668                _vsnprintf_r
 .text.vsnprintf
                0x02007740       0x60 /opt/devkitpro/devkitPPC/lib/gcc/powerpc-eabi/16.1.0/../../../../powerpc-eabi/lib/libc.a(libc_a-vsnprintf.o)
                0x02007740                vsnprintf
 .text._malloc_r
                0x020077a0      0x90c /opt/devkitpro/devkitPPC/lib/gcc/powerpc-eabi/16.1.0/../../../../powerpc-eabi/lib/libc.a(libc_a-mallocr.o)
                0x020077a0                _malloc_r
 .text._malloc_trim_r
                0x020080ac      0x138 /opt/devkitpro/devkitPPC/lib/gcc/powerpc-eabi/16.1.0/../../../../powerpc-eabi/lib/libc.a(libc_a-freer.o)
                0x020080ac                _malloc_trim_r
 .text._free_r  0x020081e4      0x32c /opt/devkitpro/devkitPPC/lib/gcc/powerpc-eabi/16.1.0/../../../../powerpc-eabi/lib/libc.a(libc_a-freer.o)
                0x020081e4                _free_r
 .text.strncpy  0x02008510      0x104 /opt/devkitpro/devkitPPC/lib/gcc/powerpc-eabi/16.1.0/../../../../powerpc-eabi/lib/libc.a(libc_a-strncpy.o)
                0x02008510                strncpy
 .text.strcmp   0x02008614       0x9c /opt/devkitpro/devkitPPC/lib/gcc/powerpc-eabi/16.1.0/../../../../powerpc-eabi/lib/libc.a(libc_a-strcmp.o)
                0x02008614                strcmp
 .text.malloc   0x020086b0       0x58 /opt/devkitpro/devkitPPC/lib/gcc/powerpc-eabi/16.1.0/../../../../powerpc-eabi/lib/libc.a(libc_a-malloc.o)
                0x020086b0                malloc
 .text.free     0x02008708       0x30 /opt/devkitpro/devkitPPC/lib/gcc/powerpc-eabi/16.1.0/../../../../powerpc-eabi/lib/libc.a(libc_a-malloc.o)
                0x02008708                free
 .text.strrchr  0x02008738       0x78 /opt/devkitpro/devkitPPC/lib/gcc/powerpc-eabi/16.1.0/../../../../powerpc-eabi/lib/libc.a(libc_a-strrchr.o)
                0x02008738                strrchr
 .text.strdup   0x020087b0       0x30 /opt/devkitpro/devkitPPC/lib/gcc/powerpc-eabi/16.1.0/../../../../powerpc-eabi/lib/libc.a(libc_a-strdup.o)
                0x020087b0                strdup
 .text._reclaim_reent
                0x020087e0      0x10c /opt/devkitpro/devkitPPC/lib/gcc/powerpc-eabi/16.1.0/../../../../powerpc-eabi/lib/libc.a(libc_a-reent.o)
                0x020087e0                _reclaim_reent
 .text.get_arg  0x020088ec      0x7bc /opt/devkitpro/devkitPPC/lib/gcc/powerpc-eabi/16.1.0/../../../../powerpc-eabi/lib/libc.a(libc_a-svfprintf.o)
 .text._svfprintf_r
                0x020090a8     0x39f8 /opt/devkitpro/devkitPPC/lib/gcc/powerpc-eabi/16.1.0/../../../../powerpc-eabi/lib/libc.a(libc_a-svfprintf.o)
                0x020090a8                _svfprintf_r
 .text.strnlen  0x0200caa0       0xc0 /opt/devkitpro/devkitPPC/lib/gcc/powerpc-eabi/16.1.0/../../../../powerpc-eabi/lib/libc.a(libc_a-strnlen.o)
                0x0200caa0                strnlen
 .text.strncmp  0x0200cb60       0xc8 /opt/devkitpro/devkitPPC/lib/gcc/powerpc-eabi/16.1.0/../../../../powerpc-eabi/lib/libc.a(libc_a-strncmp.o)
                0x0200cb60                strncmp
 .text.frexp    0x0200cc28       0x90 /opt/devkitpro/devkitPPC/lib/gcc/powerpc-eabi/16.1.0/../../../../powerpc-eabi/lib/libc.a(libm_a-s_frexp.o)
                0x0200cc28                frexp
 .text._strdup_r
                0x0200ccb8       0x70 /opt/devkitpro/devkitPPC/lib/gcc/powerpc-eabi/16.1.0/../../../../powerpc-eabi/lib/libc.a(libc_a-strdup_r.o)
                0x0200ccb8                _strdup_r
 .text._wcrtomb_r
                0x0200cd28      0x104 /opt/devkitpro/devkitPPC/lib/gcc/powerpc-eabi/16.1.0/../../../../powerpc-eabi/lib/libc.a(libc_a-wcrtomb.o)
                0x0200cd28                _wcrtomb_r
 .text.memchr   0x0200ce2c      0x148 /opt/devkitpro/devkitPPC/lib/gcc/powerpc-eabi/16.1.0/../../../../powerpc-eabi/lib/libc.a(libc_a-memchr.o)
                0x0200ce2c                memchr
 .text.__ssprint_r
                0x0200cf74      0x10c /opt/devkitpro/devkitPPC/lib/gcc/powerpc-eabi/16.1.0/../../../../powerpc-eabi/lib/libc.a(libc_a-ssprint_r.o)
                0x0200cf74                __ssprint_r
 .text.__locale_mb_cur_max
                0x0200d080       0x4c /opt/devkitpro/devkitPPC/lib/gcc/powerpc-eabi/16.1.0/../../../../powerpc-eabi/lib/libc.a(libc_a-locale.o)
                0x0200d080                __locale_mb_cur_max
 .text.quorem   0x0200d0cc      0x340 /opt/devkitpro/devkitPPC/lib/gcc/powerpc-eabi/16.1.0/../../../../powerpc-eabi/lib/libc.a(libc_a-dtoa.o)
 .text._dtoa_r  0x0200d40c     0x1720 /opt/devkitpro/devkitPPC/lib/gcc/powerpc-eabi/16.1.0/../../../../powerpc-eabi/lib/libc.a(libc_a-dtoa.o)
                0x0200d40c                _dtoa_r
 .text.__call_exitprocs
                0x0200eb2c      0x208 /opt/devkitpro/devkitPPC/lib/gcc/powerpc-eabi/16.1.0/../../../../powerpc-eabi/lib/libc.a(libc_a-__call_atexit.o)
                0x0200eb2c                __call_exitprocs
 .text._wcsrtombs_r
                0x0200ed34       0x10 /opt/devkitpro/devkitPPC/lib/gcc/powerpc-eabi/16.1.0/../../../../powerpc-eabi/lib/libc.a(libc_a-wcsrtombs.o)
                0x0200ed34                _wcsrtombs_r
 .text._localeconv_r
                0x0200ed44       0x4c /opt/devkitpro/devkitPPC/lib/gcc/powerpc-eabi/16.1.0/../../../../powerpc-eabi/lib/libc.a(libc_a-localeconv.o)
                0x0200ed44                _localeconv_r
 .text.atexit   0x0200ed90       0x14 /opt/devkitpro/devkitPPC/lib/gcc/powerpc-eabi/16.1.0/../../../../powerpc-eabi/lib/libc.a(libc_a-atexit.o)
                0x0200ed90                atexit
 .text.__ssputs_r
                0x0200eda4      0x194 /opt/devkitpro/devkitPPC/lib/gcc/powerpc-eabi/16.1.0/../../../../powerpc-eabi/lib/libc.a(libc_a-ssputs_r.o)
                0x0200eda4                __ssputs_r
 .text.__utf8_wctomb
                0x0200ef38      0x108 /opt/devkitpro/devkitPPC/lib/gcc/powerpc-eabi/16.1.0/../../../../powerpc-eabi/lib/libc.a(libc_a-wctomb_r.o)
                0x0200ef38                __utf8_wctomb
 .text._wcsnrtombs_l
                0x0200f040      0x1e4 /opt/devkitpro/devkitPPC/lib/gcc/powerpc-eabi/16.1.0/../../../../powerpc-eabi/lib/libc.a(libc_a-wcsnrtombs.o)
                0x0200f040                _wcsnrtombs_l
 .text._wcsnrtombs_r
                0x0200f224       0xd8 /opt/devkitpro/devkitPPC/lib/gcc/powerpc-eabi/16.1.0/../../../../powerpc-eabi/lib/libc.a(libc_a-wcsnrtombs.o)
                0x0200f224                _wcsnrtombs_r
 .text._Balloc  0x0200f2fc       0xf4 /opt/devkitpro/devkitPPC/lib/gcc/powerpc-eabi/16.1.0/../../../../powerpc-eabi/lib/libc.a(libc_a-mprec.o)
                0x0200f2fc                _Balloc
 .text._Bfree   0x0200f3f0       0x24 /opt/devkitpro/devkitPPC/lib/gcc/powerpc-eabi/16.1.0/../../../../powerpc-eabi/lib/libc.a(libc_a-mprec.o)
                0x0200f3f0                _Bfree
 .text.__multadd
                0x0200f414      0x174 /opt/devkitpro/devkitPPC/lib/gcc/powerpc-eabi/16.1.0/../../../../powerpc-eabi/lib/libc.a(libc_a-mprec.o)
                0x0200f414                __multadd
 .text.__hi0bits
                0x0200f588       0x98 /opt/devkitpro/devkitPPC/lib/gcc/powerpc-eabi/16.1.0/../../../../powerpc-eabi/lib/libc.a(libc_a-mprec.o)
                0x0200f588                __hi0bits
 .text.__lo0bits
                0x0200f620      0x10c /opt/devkitpro/devkitPPC/lib/gcc/powerpc-eabi/16.1.0/../../../../powerpc-eabi/lib/libc.a(libc_a-mprec.o)
                0x0200f620                __lo0bits
 .text.__i2b    0x0200f72c      0x108 /opt/devkitpro/devkitPPC/lib/gcc/powerpc-eabi/16.1.0/../../../../powerpc-eabi/lib/libc.a(libc_a-mprec.o)
                0x0200f72c                __i2b
 .text.__multiply
                0x0200f834      0x338 /opt/devkitpro/devkitPPC/lib/gcc/powerpc-eabi/16.1.0/../../../../powerpc-eabi/lib/libc.a(libc_a-mprec.o)
                0x0200f834                __multiply
 .text.__pow5mult
                0x0200fb6c      0x19c /opt/devkitpro/devkitPPC/lib/gcc/powerpc-eabi/16.1.0/../../../../powerpc-eabi/lib/libc.a(libc_a-mprec.o)
                0x0200fb6c                __pow5mult
 .text.__lshift
                0x0200fd08      0x26c /opt/devkitpro/devkitPPC/lib/gcc/powerpc-eabi/16.1.0/../../../../powerpc-eabi/lib/libc.a(libc_a-mprec.o)
                0x0200fd08                __lshift
 .text.__mcmp   0x0200ff74       0xdc /opt/devkitpro/devkitPPC/lib/gcc/powerpc-eabi/16.1.0/../../../../powerpc-eabi/lib/libc.a(libc_a-mprec.o)
                0x0200ff74                __mcmp
 .text.__mdiff  0x02010050      0x314 /opt/devkitpro/devkitPPC/lib/gcc/powerpc-eabi/16.1.0/../../../../powerpc-eabi/lib/libc.a(libc_a-mprec.o)
                0x02010050                __mdiff
 .text.__d2b    0x02010364      0x194 /opt/devkitpro/devkitPPC/lib/gcc/powerpc-eabi/16.1.0/../../../../powerpc-eabi/lib/libc.a(libc_a-mprec.o)
                0x02010364                __d2b
 .text.__utf8_mbtowc
                0x020104f8      0x604 /opt/devkitpro/devkitPPC/lib/gcc/powerpc-eabi/16.1.0/../../../../powerpc-eabi/lib/libc.a(libc_a-mbtowc_r.o)
                0x020104f8                __utf8_mbtowc
 .text._calloc_r
                0x02010afc       0xf8 /opt/devkitpro/devkitPPC/lib/gcc/powerpc-eabi/16.1.0/../../../../powerpc-eabi/lib/libc.a(libc_a-callocr.o)
                0x02010afc                _calloc_r
 .text.__register_exitproc
                0x02010bf4       0xf4 /opt/devkitpro/devkitPPC/lib/gcc/powerpc-eabi/16.1.0/../../../../powerpc-eabi/lib/libc.a(libc_a-__atexit.o)
                0x02010bf4                __register_exitproc
 .text.memmove  0x02010ce8      0x254 /opt/devkitpro/devkitPPC/lib/gcc/powerpc-eabi/16.1.0/../../../../powerpc-eabi/lib/libc.a(libc_a-memmove.o)
                0x02010ce8                memmove
 .text._realloc_r
                0x02010f3c      0x634 /opt/devkitpro/devkitPPC/lib/gcc/powerpc-eabi/16.1.0/../../../../powerpc-eabi/lib/libc.a(libc_a-reallocr.o)
                0x02010f3c                _realloc_r
 .text.__assert_func
                0x02011570       0x24 /opt/devkitpro/devkitPPC/lib/gcc/powerpc-eabi/16.1.0/../../../../powerpc-eabi/lib/libsysbase.a(libsysbase_libsysbase_a-assert.o)
                0x02011570                __assert_func
 .text.__umoddi3
                0x02011594      0x380 /opt/devkitpro/devkitPPC/lib/gcc/powerpc-eabi/16.1.0/libgcc.a(_umoddi3.o)
                0x02011594                __umoddi3
 .text          0x02011914       0x58 /opt/devkitpro/devkitPPC/lib/gcc/powerpc-eabi/16.1.0/libgcc.a(crtresxgpr.o)
                0x02011914                _restgpr_14_x
                0x02011918                _restgpr_15_x
                0x0201191c                _restgpr_16_x
                0x02011920                _restgpr_17_x
                0x02011924                _restgpr_18_x
                0x02011928                _restgpr_19_x
                0x0201192c                _restgpr_20_x
                0x02011930                _restgpr_21_x
                0x02011934                _restgpr_22_x
                0x02011938                _restgpr_23_x
                0x0201193c                _restgpr_24_x
                0x02011940                _restgpr_25_x
                0x02011944                _restgpr_26_x
                0x02011948                _restgpr_27_x
                0x0201194c                _restgpr_28_x
                0x02011950                _restgpr_29_x
                0x02011954                _restgpr_30_x
                0x02011958                _restgpr_31_x
 .text.__do_global_ctors_aux
                0x0201196c       0x50 /opt/devkitpro/devkitPPC/lib/gcc/powerpc-eabi/16.1.0/crtend.o
 *(.gnu.warning)
 *(.glink)
 .glink         0x020119bc        0x0 /opt/devkitpro/devkitPPC/lib/gcc/powerpc-eabi/16.1.0/crtbegin.o
 *(SORT_NONE(.fini))
 .fini          0x020119bc        0xc /opt/devkitpro/devkitPPC/lib/gcc/powerpc-eabi/16.1.0/ecrti.o
                0x020119bc                __fini
 .fini          0x020119c8        0x4 /opt/devkitpro/devkitPPC/lib/gcc/powerpc-eabi/16.1.0/crtbegin.o
 .fini          0x020119cc       0x10 /opt/devkitpro/devkitPPC/lib/gcc/powerpc-eabi/16.1.0/ecrtn.o
                0x10000000                        . = ORIGIN (datamem)

.rodata         0x10000000      0xf38
 *(.sdata2 .sdata2.* .gnu.linkonce.s2.*)
 .sdata2        0x10000000        0x0 /opt/devkitpro/devkitPPC/lib/gcc/powerpc-eabi/16.1.0/ecrti.o
                0x10000000                __SDATA2_START__
 .sdata2        0x10000000        0x0 /opt/devkitpro/devkitPPC/lib/gcc/powerpc-eabi/16.1.0/crtbegin.o
                0x10008000                _SDA2_BASE_
 *(.sbss2 .sbss2.* .gnu.linkonce.sb2.*)
 .sbss2         0x10000000        0x0 /opt/devkitpro/devkitPPC/lib/gcc/powerpc-eabi/16.1.0/ecrtn.o
                0x10000000                __SBSS2_END__
 *(.rodata .rodata.* .gnu.linkonce.r.*)
 .rodata.str1.4
                0x10000000      0x69d main.o
                                 0x92 (size before relaxing)
 *fill*         0x1000069d        0x3 
 .rodata.cst4   0x100006a0       0x34 main.o
                                  0x8 (size before relaxing)
 .rodata.str1.4
                0x100006d4        0x0 proc.o
                                 0x76 (size before relaxing)
 .rodata.__wut__abort.str1.4
                0x100006d4        0x0 /opt/devkitpro/wut/lib/libwut.a(wut_newlib.o)
                                  0xf (size before relaxing)
 .rodata.__wut__assert_func.str1.4
                0x100006d4        0x0 /opt/devkitpro/wut/lib/libwut.a(wut_newlib.o)
                                 0x43 (size before relaxing)
 .rodata.GfxProcCallbackAcquired.str1.4
                0x100006d4        0x0 /opt/devkitpro/wut/lib/libwut.a(gfx.o)
                                0x1ae (size before relaxing)
 .rodata.WHBGfxInit.str1.4
                0x100006d4        0x0 /opt/devkitpro/wut/lib/libwut.a(gfx.o)
                                 0xa0 (size before relaxing)
 .rodata.WHBGfxBeginRender.str1.4
                0x100006d4        0x0 /opt/devkitpro/wut/lib/libwut.a(gfx.o)
                                 0x2a (size before relaxing)
 .rodata.__FUNCTION__.0
                0x100006d4       0x18 /opt/devkitpro/wut/lib/libwut.a(gfx.o)
 .rodata.__FUNCTION__.1
                0x100006ec        0xb /opt/devkitpro/wut/lib/libwut.a(gfx.o)
 .rodata.cst4   0x100006f7        0x0 /opt/devkitpro/wut/lib/libwut.a(gfx.o)
                                 0x10 (size before relaxing)
 .rodata.GfxHeapInitMEM1.str1.4
                0x100006f7        0x0 /opt/devkitpro/wut/lib/libwut.a(gfx_heap.o)
                                 0xab (size before relaxing)
 .rodata.GfxHeapInitForeground.str1.4
                0x100006f7        0x0 /opt/devkitpro/wut/lib/libwut.a(gfx_heap.o)
                                 0x50 (size before relaxing)
 *fill*         0x100006f7        0x1 
 .rodata.__FUNCTION__.0
                0x100006f8       0x16 /opt/devkitpro/wut/lib/libwut.a(gfx_heap.o)
 *fill*         0x1000070e        0x2 
 .rodata.__FUNCTION__.1
                0x10000710       0x10 /opt/devkitpro/wut/lib/libwut.a(gfx_heap.o)
 .rodata.WHBLogPrint.str1.4
                0x10000720        0x0 /opt/devkitpro/wut/lib/libwut.a(log.o)
                                  0x4 (size before relaxing)
 .rodata.__init_wut_devoptab.str1.4
                0x10000720        0x0 /opt/devkitpro/wut/lib/libwut.a(devoptab_fsa.o)
                                 0x33 (size before relaxing)
 .rodata.str1.4
                0x10000720        0x0 /opt/devkitpro/wut/lib/libwut.a(devoptab_fsa.o)
                                  0x3 (size before relaxing)
 .rodata._ZL18__wut_fsa_devoptab
                0x10000720       0x80 /opt/devkitpro/wut/lib/libwut.a(devoptab_fsa.o)
 .rodata.__wut_fsa_dirnext.str1.4
                0x100007a0        0x0 /opt/devkitpro/wut/lib/libwut.a(devoptab_fsa_dirnext.o)
                                  0xb (size before relaxing)
 .rodata.__wut_fsa_diropen.str1.4
                0x100007a0        0x0 /opt/devkitpro/wut/lib/libwut.a(devoptab_fsa_diropen.o)
                                  0x3 (size before relaxing)
 .rodata.__wut_fsa_open.str1.4
                0x100007a0        0x0 /opt/devkitpro/wut/lib/libwut.a(devoptab_fsa_open.o)
                                 0x1b (size before relaxing)
 .rodata.__wut_fsa_fixpath.str1.4
                0x100007a0        0x0 /opt/devkitpro/wut/lib/libwut.a(devoptab_fsa_utils.o)
                                  0xb (size before relaxing)
 .rodata.CSWTCH.24
                0x100007a0       0x42 /opt/devkitpro/wut/lib/libwut.a(devoptab_fsa_utils.o)
 .rodata.socket.str1.4
                0x100007e2        0x0 /opt/devkitpro/wut/lib/libwut.a(socket.o)
                                  0x5 (size before relaxing)
 .rodata.__wut_socket_fini_devoptab.str1.4
                0x100007e2        0x0 /opt/devkitpro/wut/lib/libwut.a(wut_socket_common.o)
                                  0x5 (size before relaxing)
 .rodata.__wut_get_nsysnet_fd.str1.4
                0x100007e2        0x0 /opt/devkitpro/wut/lib/libwut.a(wut_socket_common.o)
                                  0x4 (size before relaxing)
 *fill*         0x100007e2        0x2 
 .rodata.__wut_nsysnet_error_code_map
                0x100007e4       0x34 /opt/devkitpro/wut/lib/libwut.a(wut_socket_common.o)
 .rodata.__wut_fsa_chdir.str1.4
                0x10000818        0x0 /opt/devkitpro/wut/lib/libwut.a(devoptab_fsa_chdir.o)
                                  0x3 (size before relaxing)
 .rodata.str1.4
                0x10000818        0x0 /opt/devkitpro/devkitPPC/lib/gcc/powerpc-eabi/16.1.0/../../../../powerpc-eabi/lib/libsysbase.a(libsysbase_libsysbase_a-iosupport.o)
                                  0x8 (size before relaxing)
 .rodata.dotab_stdnull
                0x10000818       0x80 /opt/devkitpro/devkitPPC/lib/gcc/powerpc-eabi/16.1.0/../../../../powerpc-eabi/lib/libsysbase.a(libsysbase_libsysbase_a-iosupport.o)
                0x10000818                dotab_stdnull
 .rodata.get_arg
                0x10000898       0xb0 /opt/devkitpro/devkitPPC/lib/gcc/powerpc-eabi/16.1.0/../../../../powerpc-eabi/lib/libc.a(libc_a-svfprintf.o)
 .rodata._svfprintf_r.str1.1
                0x10000948       0x3b /opt/devkitpro/devkitPPC/lib/gcc/powerpc-eabi/16.1.0/../../../../powerpc-eabi/lib/libc.a(libc_a-svfprintf.o)
 *fill*         0x10000983        0x1 
 .rodata._svfprintf_r
                0x10000984      0x16c /opt/devkitpro/devkitPPC/lib/gcc/powerpc-eabi/16.1.0/../../../../powerpc-eabi/lib/libc.a(libc_a-svfprintf.o)
 .rodata.zeroes.0
                0x10000af0       0x10 /opt/devkitpro/devkitPPC/lib/gcc/powerpc-eabi/16.1.0/../../../../powerpc-eabi/lib/libc.a(libc_a-svfprintf.o)
 .rodata.blanks.1
                0x10000b00       0x10 /opt/devkitpro/devkitPPC/lib/gcc/powerpc-eabi/16.1.0/../../../../powerpc-eabi/lib/libc.a(libc_a-svfprintf.o)
 .rodata.cst4   0x10000b10        0x0 /opt/devkitpro/devkitPPC/lib/gcc/powerpc-eabi/16.1.0/../../../../powerpc-eabi/lib/libc.a(libc_a-svfprintf.o)
                                 0x14 (size before relaxing)
 .rodata.cst8   0x10000b10       0x20 /opt/devkitpro/devkitPPC/lib/gcc/powerpc-eabi/16.1.0/../../../../powerpc-eabi/lib/libc.a(libc_a-svfprintf.o)
                                  0x8 (size before relaxing)
 .rodata.cst4   0x10000b30        0x0 /opt/devkitpro/devkitPPC/lib/gcc/powerpc-eabi/16.1.0/../../../../powerpc-eabi/lib/libc.a(libm_a-s_frexp.o)
                                  0x4 (size before relaxing)
 .rodata.__action_table
                0x10000b30       0x6c /opt/devkitpro/devkitPPC/lib/gcc/powerpc-eabi/16.1.0/../../../../powerpc-eabi/lib/libc.a(libc_a-svfiprintf.o)
                0x10000b30                __action_table
 .rodata.__state_table
                0x10000b9c       0x6c /opt/devkitpro/devkitPPC/lib/gcc/powerpc-eabi/16.1.0/../../../../powerpc-eabi/lib/libc.a(libc_a-svfiprintf.o)
                0x10000b9c                __state_table
 .rodata.__chclass
                0x10000c08      0x100 /opt/devkitpro/devkitPPC/lib/gcc/powerpc-eabi/16.1.0/../../../../powerpc-eabi/lib/libc.a(libc_a-svfiprintf.o)
                0x10000c08                __chclass
 .rodata.str1.4
                0x10000d08        0x0 /opt/devkitpro/devkitPPC/lib/gcc/powerpc-eabi/16.1.0/../../../../powerpc-eabi/lib/libc.a(libc_a-locale.o)
                                 0x4c (size before relaxing)
 .rodata._dtoa_r.str1.4
                0x10000d08        0x0 /opt/devkitpro/devkitPPC/lib/gcc/powerpc-eabi/16.1.0/../../../../powerpc-eabi/lib/libc.a(libc_a-dtoa.o)
                                 0x9c (size before relaxing)
 .rodata.cst4   0x10000d08        0x0 /opt/devkitpro/devkitPPC/lib/gcc/powerpc-eabi/16.1.0/../../../../powerpc-eabi/lib/libc.a(libc_a-dtoa.o)
                                 0x24 (size before relaxing)
 .rodata.cst8   0x10000d08        0x0 /opt/devkitpro/devkitPPC/lib/gcc/powerpc-eabi/16.1.0/../../../../powerpc-eabi/lib/libc.a(libc_a-dtoa.o)
                                 0x18 (size before relaxing)
 .rodata._ctype_
                0x10000d08      0x101 /opt/devkitpro/devkitPPC/lib/gcc/powerpc-eabi/16.1.0/../../../../powerpc-eabi/lib/libc.a(libc_a-ctype_.o)
                0x10000d08                _ctype_
 .rodata.__multadd.str1.4
                0x10000e09        0x0 /opt/devkitpro/devkitPPC/lib/gcc/powerpc-eabi/16.1.0/../../../../powerpc-eabi/lib/libc.a(libc_a-mprec.o)
                                 0x89 (size before relaxing)
 *fill*         0x10000e09        0x3 
 .rodata.p05.0  0x10000e0c        0xc /opt/devkitpro/devkitPPC/lib/gcc/powerpc-eabi/16.1.0/../../../../powerpc-eabi/lib/libc.a(libc_a-mprec.o)
 .rodata.__mprec_bigtens
                0x10000e18       0x28 /opt/devkitpro/devkitPPC/lib/gcc/powerpc-eabi/16.1.0/../../../../powerpc-eabi/lib/libc.a(libc_a-mprec.o)
                0x10000e18                __mprec_bigtens
 .rodata.__mprec_tens
                0x10000e40       0xc8 /opt/devkitpro/devkitPPC/lib/gcc/powerpc-eabi/16.1.0/../../../../powerpc-eabi/lib/libc.a(libc_a-mprec.o)
                0x10000e40                __mprec_tens
 *(.rodata1)
 *(.gcc_except_table .gcc_except_table.*)
 *(.gnu_extab*)
                0x10000f08                        . = ALIGN (0x4)
                [!provide]                        PROVIDE (__preinit_array_start = .)
 *(.preinit_array)
                [!provide]                        PROVIDE (__preinit_array_end = .)
                [!provide]                        PROVIDE (__init_array_start = .)
 *crtbegin.o(.ctors)
 .ctors         0x10000f08        0x4 /opt/devkitpro/devkitPPC/lib/gcc/powerpc-eabi/16.1.0/crtbegin.o
 *crtbegin?.o(.ctors)
 *(SORT_BY_INIT_PRIORITY(.init_array.*) SORT_BY_INIT_PRIORITY(.ctors.*))
 .ctors.65535   0x10000f0c        0x4 /opt/devkitpro/devkitPPC/lib/gcc/powerpc-eabi/16.1.0/../../../../powerpc-eabi/lib/libc.a(libc_a-__call_atexit.o)
 *(.init_array EXCLUDE_FILE(*crtend?.o *crtend.o *crtbegin?.o *crtbegin.o) .ctors)
 .ctors         0x10000f10        0x0 /opt/devkitpro/devkitPPC/lib/gcc/powerpc-eabi/16.1.0/ecrti.o
                0x10000f10                __CTOR_LIST__
 .ctors         0x10000f10        0x0 /opt/devkitpro/devkitPPC/lib/gcc/powerpc-eabi/16.1.0/ecrtn.o
                0x10000f10                __CTOR_END__
 *(SORT_BY_NAME(.ctors.*))
 *(.ctors)
 .ctors         0x10000f10        0x4 /opt/devkitpro/devkitPPC/lib/gcc/powerpc-eabi/16.1.0/crtend.o
                [!provide]                        PROVIDE (__init_array_end = .)
                [!provide]                        PROVIDE (__fini_array_start = .)
 *crtbegin.o(.dtors)
 .dtors         0x10000f14        0x4 /opt/devkitpro/devkitPPC/lib/gcc/powerpc-eabi/16.1.0/crtbegin.o
 *crtbegin?.o(.dtors)
 *(SORT_BY_INIT_PRIORITY(.fini_array.*) SORT_BY_INIT_PRIORITY(.dtors.*))
 *(.fini_array EXCLUDE_FILE(*crtend?.o *crtend.o *crtbegin?.o *crtbegin.o) .dtors)
 .dtors         0x10000f18        0x0 /opt/devkitpro/devkitPPC/lib/gcc/powerpc-eabi/16.1.0/ecrti.o
                0x10000f18                __DTOR_LIST__
 .dtors         0x10000f18        0x0 /opt/devkitpro/devkitPPC/lib/gcc/powerpc-eabi/16.1.0/ecrtn.o
 *(SORT_BY_NAME(.dtors.*))
 *(.dtors)
 .dtors         0x10000f18        0x4 /opt/devkitpro/devkitPPC/lib/gcc/powerpc-eabi/16.1.0/crtend.o
                0x10000f18                __DTOR_END__
                [!provide]                        PROVIDE (__fini_array_end = .)
 *(.jcr)
 *(.fixup)
 *(.got1)
 *(.got2)
 .got2          0x10000f1c       0x1c /opt/devkitpro/devkitPPC/lib/gcc/powerpc-eabi/16.1.0/libgcc.a(eabi.o)
 *(.branch_lt)
 .branch_lt     0x10000f38        0x0 /opt/devkitpro/devkitPPC/lib/gcc/powerpc-eabi/16.1.0/crtbegin.o
 *(.got)
 *(.plt)
 *(.tm_clone_table)

.eh_frame       0x10000f38     0x263c
 *(.eh_frame_hdr)
 *(.eh_frame_entry .eh_frame_entry.*)
 *(.eh_frame)
 .eh_frame      0x10000f38        0x0 /opt/devkitpro/devkitPPC/lib/gcc/powerpc-eabi/16.1.0/ecrti.o
                0x10000f38                __EH_FRAME_BEGIN__
 .eh_frame      0x10000f38        0x0 /opt/devkitpro/devkitPPC/lib/gcc/powerpc-eabi/16.1.0/crtbegin.o
 .eh_frame      0x10000f38        0x0 /opt/devkitpro/devkitPPC/lib/gcc/powerpc-eabi/16.1.0/crtbegin.o
 .eh_frame      0x10000f38       0x94 main.o
 .eh_frame      0x10000fcc       0xc4 proc.o
                                 0xd8 (size before relaxing)
 .eh_frame      0x10001090       0x48 /opt/devkitpro/wut/lib/libwut.a(wut_crt.o)
                                 0x5c (size before relaxing)
 .eh_frame      0x100010d8       0x20 /opt/devkitpro/wut/lib/libwut.a(wut_preinit.o)
                                 0x34 (size before relaxing)
 .eh_frame      0x100010f8       0xe8 /opt/devkitpro/wut/lib/libwut.a(wut_newlib.o)
                                0x160 (size before relaxing)
 .eh_frame      0x100011e0       0x60 /opt/devkitpro/wut/lib/libwut.a(wut_reent.o)
                                 0x74 (size before relaxing)
 .eh_frame      0x10001240       0x80 /opt/devkitpro/wut/lib/libwut.a(wut_sbrk.o)
                                 0x94 (size before relaxing)
 .eh_frame      0x100012c0      0x128 /opt/devkitpro/wut/lib/libwut.a(wut_thread.o)
                                0x3fc (size before relaxing)
 .eh_frame      0x100013e8       0x28 /opt/devkitpro/wut/lib/libwut.a(wut_thread_specific.o)
                                 0x3c (size before relaxing)
 .eh_frame      0x10001410       0x50 /opt/devkitpro/wut/lib/libwut.a(wut_defaultheap.o)
                                 0x78 (size before relaxing)
 .eh_frame      0x10001460      0x254 /opt/devkitpro/wut/lib/libwut.a(gfx.o)
                                0x2e0 (size before relaxing)
 .eh_frame      0x100016b4      0x148 /opt/devkitpro/wut/lib/libwut.a(gfx_heap.o)
                                0x15c (size before relaxing)
 .eh_frame      0x100017fc       0xac /opt/devkitpro/wut/lib/libwut.a(log.o)
                                0x11c (size before relaxing)
 .eh_frame      0x100018a8       0x74 /opt/devkitpro/wut/lib/libwut.a(log_udp.o)
                                 0x88 (size before relaxing)
 .eh_frame      0x1000191c       0x74 /opt/devkitpro/wut/lib/libwut.a(devoptab_fsa.o)
                                 0x88 (size before relaxing)
 .eh_frame      0x10001990       0x48 /opt/devkitpro/wut/lib/libwut.a(devoptab_fsa_dirclose.o)
                                 0x5c (size before relaxing)
 .eh_frame      0x100019d8       0x70 /opt/devkitpro/wut/lib/libwut.a(devoptab_fsa_dirnext.o)
                                 0x84 (size before relaxing)
 .eh_frame      0x10001a48       0x74 /opt/devkitpro/wut/lib/libwut.a(devoptab_fsa_diropen.o)
                                 0x88 (size before relaxing)
 .eh_frame      0x10001abc       0x48 /opt/devkitpro/wut/lib/libwut.a(devoptab_fsa_dirreset.o)
                                 0x5c (size before relaxing)
 .eh_frame      0x10001b04       0x54 /opt/devkitpro/wut/lib/libwut.a(devoptab_fsa_fstat.o)
                                 0x68 (size before relaxing)
 .eh_frame      0x10001b58       0x48 /opt/devkitpro/wut/lib/libwut.a(devoptab_fsa_fsync.o)
                                 0x5c (size before relaxing)
 .eh_frame      0x10001ba0       0x4c /opt/devkitpro/wut/lib/libwut.a(devoptab_fsa_mkdir.o)
                                 0x60 (size before relaxing)
 .eh_frame      0x10001bec      0x120 /opt/devkitpro/wut/lib/libwut.a(devoptab_fsa_open.o)
                                0x134 (size before relaxing)
 .eh_frame      0x10001d0c       0x88 /opt/devkitpro/wut/lib/libwut.a(devoptab_fsa_read.o)
                                 0x9c (size before relaxing)
 .eh_frame      0x10001d94       0x54 /opt/devkitpro/wut/lib/libwut.a(devoptab_fsa_rename.o)
                                 0x68 (size before relaxing)
 .eh_frame      0x10001de8       0x44 /opt/devkitpro/wut/lib/libwut.a(devoptab_fsa_rmdir.o)
                                 0x58 (size before relaxing)
 .eh_frame      0x10001e2c       0x5c /opt/devkitpro/wut/lib/libwut.a(devoptab_fsa_seek.o)
                                 0x70 (size before relaxing)
 .eh_frame      0x10001e88       0x64 /opt/devkitpro/wut/lib/libwut.a(devoptab_fsa_stat.o)
                                 0x78 (size before relaxing)
 .eh_frame      0x10001eec       0x54 /opt/devkitpro/wut/lib/libwut.a(devoptab_fsa_statvfs.o)
                                 0x68 (size before relaxing)
 .eh_frame      0x10001f40       0x50 /opt/devkitpro/wut/lib/libwut.a(devoptab_fsa_truncate.o)
                                 0x64 (size before relaxing)
 .eh_frame      0x10001f90       0x44 /opt/devkitpro/wut/lib/libwut.a(devoptab_fsa_unlink.o)
                                 0x58 (size before relaxing)
 .eh_frame      0x10001fd4       0xcc /opt/devkitpro/wut/lib/libwut.a(devoptab_fsa_utils.o)
                                 0xe0 (size before relaxing)
 .eh_frame      0x100020a0       0x80 /opt/devkitpro/wut/lib/libwut.a(devoptab_fsa_write.o)
                                 0x94 (size before relaxing)
 .eh_frame      0x10002120        0x0 /opt/devkitpro/wut/lib/libwut.a(wut_clock.o)
                                 0xa0 (size before relaxing)
 .eh_frame      0x10002120        0x0 /opt/devkitpro/wut/lib/libwut.a(wut_gettod_r.o)
                                 0x48 (size before relaxing)
 .eh_frame      0x10002120        0x0 /opt/devkitpro/wut/lib/libwut.a(wut_nanosleep.o)
                                 0x4c (size before relaxing)
 .eh_frame      0x10002120       0x44 /opt/devkitpro/wut/lib/libwut.a(sendto.o)
                                 0x58 (size before relaxing)
 .eh_frame      0x10002164       0x40 /opt/devkitpro/wut/lib/libwut.a(setsockopt.o)
                                 0x54 (size before relaxing)
 .eh_frame      0x100021a4       0x30 /opt/devkitpro/wut/lib/libwut.a(shutdown.o)
                                 0x44 (size before relaxing)
 .eh_frame      0x100021d4       0x40 /opt/devkitpro/wut/lib/libwut.a(socket.o)
                                 0x54 (size before relaxing)
 .eh_frame      0x10002214       0x88 /opt/devkitpro/wut/lib/libwut.a(wut_socket_common.o)
                                 0xc4 (size before relaxing)
 .eh_frame      0x1000229c       0x14 /opt/devkitpro/wut/lib/libwut.a(wut_socket_open.o)
                                 0x28 (size before relaxing)
 .eh_frame      0x100022b0       0x24 /opt/devkitpro/wut/lib/libwut.a(wut_socket_read.o)
                                 0x38 (size before relaxing)
 .eh_frame      0x100022d4       0x24 /opt/devkitpro/wut/lib/libwut.a(wut_socket_write.o)
                                 0x38 (size before relaxing)
 .eh_frame      0x100022f8       0x5c /opt/devkitpro/wut/lib/libwut.a(devoptab_fsa_chdir.o)
                                 0x70 (size before relaxing)
 .eh_frame      0x10002354       0x4c /opt/devkitpro/wut/lib/libwut.a(devoptab_fsa_chmod.o)
                                 0x60 (size before relaxing)
 .eh_frame      0x100023a0       0x48 /opt/devkitpro/wut/lib/libwut.a(devoptab_fsa_close.o)
                                 0x5c (size before relaxing)
 .eh_frame      0x100023e8       0x28 /opt/devkitpro/wut/lib/libwut.a(wut_socket_close.o)
                                 0x3c (size before relaxing)
 .eh_frame      0x10002410       0x58 /opt/devkitpro/devkitPPC/lib/gcc/powerpc-eabi/16.1.0/libgcc.a(_divdi3.o)
                                 0x6c (size before relaxing)
 .eh_frame      0x10002468       0x30 /opt/devkitpro/devkitPPC/lib/gcc/powerpc-eabi/16.1.0/libgcc.a(_udivdi3.o)
                                 0x44 (size before relaxing)
 .eh_frame      0x10002498       0x18 /opt/devkitpro/devkitPPC/lib/gcc/powerpc-eabi/16.1.0/../../../../powerpc-eabi/lib/libsysbase.a(libsysbase_libsysbase_a-abort.o)
                                 0x2c (size before relaxing)
 .eh_frame      0x100024b0       0x48 /opt/devkitpro/devkitPPC/lib/gcc/powerpc-eabi/16.1.0/../../../../powerpc-eabi/lib/libsysbase.a(libsysbase_libsysbase_a-chdir.o)
                                 0xb4 (size before relaxing)
 .eh_frame      0x100024f8       0x8c /opt/devkitpro/devkitPPC/lib/gcc/powerpc-eabi/16.1.0/../../../../powerpc-eabi/lib/libsysbase.a(libsysbase_libsysbase_a-concatenate.o)
                                 0xa0 (size before relaxing)
 .eh_frame      0x10002584       0x14 /opt/devkitpro/devkitPPC/lib/gcc/powerpc-eabi/16.1.0/../../../../powerpc-eabi/lib/libsysbase.a(libsysbase_libsysbase_a-getreent.o)
                                 0x28 (size before relaxing)
 .eh_frame      0x10002598       0xd4 /opt/devkitpro/devkitPPC/lib/gcc/powerpc-eabi/16.1.0/../../../../powerpc-eabi/lib/libsysbase.a(libsysbase_libsysbase_a-handle_manager.o)
                                0x178 (size before relaxing)
 .eh_frame      0x1000266c       0xec /opt/devkitpro/devkitPPC/lib/gcc/powerpc-eabi/16.1.0/../../../../powerpc-eabi/lib/libsysbase.a(libsysbase_libsysbase_a-iosupport.o)
                                0x128 (size before relaxing)
 .eh_frame      0x10002758       0x78 /opt/devkitpro/devkitPPC/lib/gcc/powerpc-eabi/16.1.0/../../../../powerpc-eabi/lib/libsysbase.a(libsysbase_libsysbase_a-syscall_support.o)
                                0x184 (size before relaxing)
 .eh_frame      0x100027d0       0x20 /opt/devkitpro/devkitPPC/lib/gcc/powerpc-eabi/16.1.0/../../../../powerpc-eabi/lib/libsysbase.a(libsysbase_libsysbase_a-_exit.o)
                                 0x34 (size before relaxing)
 .eh_frame      0x100027f0        0x0 /opt/devkitpro/devkitPPC/lib/gcc/powerpc-eabi/16.1.0/../../../../powerpc-eabi/lib/libsysbase.a(libsysbase_libsysbase_a-clocks.o)
                                 0x74 (size before relaxing)
 .eh_frame      0x100027f0       0x14 /opt/devkitpro/devkitPPC/lib/gcc/powerpc-eabi/16.1.0/../../../../powerpc-eabi/lib/libc.a(libc_a-memcpy.o)
                                 0x28 (size before relaxing)
 .eh_frame      0x10002804       0x14 /opt/devkitpro/devkitPPC/lib/gcc/powerpc-eabi/16.1.0/../../../../powerpc-eabi/lib/libc.a(libc_a-strlen.o)
                                 0x28 (size before relaxing)
 .eh_frame      0x10002818       0x28 /opt/devkitpro/devkitPPC/lib/gcc/powerpc-eabi/16.1.0/../../../../powerpc-eabi/lib/libc.a(libc_a-sysclose.o)
                                 0x3c (size before relaxing)
 .eh_frame      0x10002840       0x2c /opt/devkitpro/devkitPPC/lib/gcc/powerpc-eabi/16.1.0/../../../../powerpc-eabi/lib/libc.a(libc_a-malign.o)
                                 0x40 (size before relaxing)
 .eh_frame      0x1000286c       0x40 /opt/devkitpro/devkitPPC/lib/gcc/powerpc-eabi/16.1.0/../../../../powerpc-eabi/lib/libc.a(libc_a-snprintf.o)
                                 0x84 (size before relaxing)
 .eh_frame      0x100028ac       0x14 /opt/devkitpro/devkitPPC/lib/gcc/powerpc-eabi/16.1.0/../../../../powerpc-eabi/lib/libc.a(libc_a-strchr.o)
                                 0x28 (size before relaxing)
 .eh_frame      0x100028c0       0x60 /opt/devkitpro/devkitPPC/lib/gcc/powerpc-eabi/16.1.0/../../../../powerpc-eabi/lib/libc.a(libc_a-malignr.o)
                                 0x74 (size before relaxing)
 .eh_frame      0x10002920       0x20 /opt/devkitpro/devkitPPC/lib/gcc/powerpc-eabi/16.1.0/../../../../powerpc-eabi/lib/libc.a(libc_a-errno.o)
                                 0x34 (size before relaxing)
 .eh_frame      0x10002940       0x14 /opt/devkitpro/devkitPPC/lib/gcc/powerpc-eabi/16.1.0/../../../../powerpc-eabi/lib/libc.a(libc_a-memset.o)
                                 0x28 (size before relaxing)
 .eh_frame      0x10002954       0x88 /opt/devkitpro/devkitPPC/lib/gcc/powerpc-eabi/16.1.0/../../../../powerpc-eabi/lib/libc.a(libc_a-vsnprintf.o)
                                 0x9c (size before relaxing)
 .eh_frame      0x100029dc       0x64 /opt/devkitpro/devkitPPC/lib/gcc/powerpc-eabi/16.1.0/../../../../powerpc-eabi/lib/libc.a(libc_a-mallocr.o)
                                 0x78 (size before relaxing)
 .eh_frame      0x10002a40       0x8c /opt/devkitpro/devkitPPC/lib/gcc/powerpc-eabi/16.1.0/../../../../powerpc-eabi/lib/libc.a(libc_a-freer.o)
                                 0xa0 (size before relaxing)
 .eh_frame      0x10002acc        0x0 /opt/devkitpro/devkitPPC/lib/gcc/powerpc-eabi/16.1.0/../../../../powerpc-eabi/lib/libc.a(libc_a-findfp.o)
                                0x1a0 (size before relaxing)
 .eh_frame      0x10002acc       0x14 /opt/devkitpro/devkitPPC/lib/gcc/powerpc-eabi/16.1.0/../../../../powerpc-eabi/lib/libc.a(libc_a-strncpy.o)
                                 0x28 (size before relaxing)
 .eh_frame      0x10002ae0       0x14 /opt/devkitpro/devkitPPC/lib/gcc/powerpc-eabi/16.1.0/../../../../powerpc-eabi/lib/libc.a(libc_a-strcmp.o)
                                 0x28 (size before relaxing)
 .eh_frame      0x10002af4       0x58 /opt/devkitpro/devkitPPC/lib/gcc/powerpc-eabi/16.1.0/../../../../powerpc-eabi/lib/libc.a(libc_a-malloc.o)
                                 0x6c (size before relaxing)
 .eh_frame      0x10002b4c       0x34 /opt/devkitpro/devkitPPC/lib/gcc/powerpc-eabi/16.1.0/../../../../powerpc-eabi/lib/libc.a(libc_a-strrchr.o)
                                 0x48 (size before relaxing)
 .eh_frame      0x10002b80        0x0 /opt/devkitpro/devkitPPC/lib/gcc/powerpc-eabi/16.1.0/../../../../powerpc-eabi/lib/libc.a(libc_a-stdio.o)
                                 0xc8 (size before relaxing)
 .eh_frame      0x10002b80       0x28 /opt/devkitpro/devkitPPC/lib/gcc/powerpc-eabi/16.1.0/../../../../powerpc-eabi/lib/libc.a(libc_a-strdup.o)
                                 0x3c (size before relaxing)
 .eh_frame      0x10002ba8       0x38 /opt/devkitpro/devkitPPC/lib/gcc/powerpc-eabi/16.1.0/../../../../powerpc-eabi/lib/libc.a(libc_a-reent.o)
                                 0x4c (size before relaxing)
 .eh_frame      0x10002be0        0x0 /opt/devkitpro/devkitPPC/lib/gcc/powerpc-eabi/16.1.0/../../../../powerpc-eabi/lib/libc.a(libc_a-fclose.o)
                                 0x84 (size before relaxing)
 .eh_frame      0x10002be0       0x20 /opt/devkitpro/devkitPPC/lib/gcc/powerpc-eabi/16.1.0/../../../../powerpc-eabi/lib/libc.a(libc_a-exit.o)
                                 0x34 (size before relaxing)
 .eh_frame      0x10002c00       0xb8 /opt/devkitpro/devkitPPC/lib/gcc/powerpc-eabi/16.1.0/../../../../powerpc-eabi/lib/libc.a(libc_a-svfprintf.o)
                                 0xcc (size before relaxing)
 .eh_frame      0x10002cb8       0x14 /opt/devkitpro/devkitPPC/lib/gcc/powerpc-eabi/16.1.0/../../../../powerpc-eabi/lib/libc.a(libc_a-strnlen.o)
                                 0x28 (size before relaxing)
 .eh_frame      0x10002ccc       0x14 /opt/devkitpro/devkitPPC/lib/gcc/powerpc-eabi/16.1.0/../../../../powerpc-eabi/lib/libc.a(libc_a-strncmp.o)
                                 0x28 (size before relaxing)
 .eh_frame      0x10002ce0       0x18 /opt/devkitpro/devkitPPC/lib/gcc/powerpc-eabi/16.1.0/../../../../powerpc-eabi/lib/libc.a(libm_a-s_frexp.o)
                                 0x2c (size before relaxing)
 .eh_frame      0x10002cf8       0x2c /opt/devkitpro/devkitPPC/lib/gcc/powerpc-eabi/16.1.0/../../../../powerpc-eabi/lib/libc.a(libc_a-strdup_r.o)
                                 0x40 (size before relaxing)
 .eh_frame      0x10002d24        0x0 /opt/devkitpro/devkitPPC/lib/gcc/powerpc-eabi/16.1.0/../../../../powerpc-eabi/lib/libc.a(libc_a-fwalk.o)
                                 0x48 (size before relaxing)
 .eh_frame      0x10002d24       0x3c /opt/devkitpro/devkitPPC/lib/gcc/powerpc-eabi/16.1.0/../../../../powerpc-eabi/lib/libc.a(libc_a-wcrtomb.o)
                                 0x90 (size before relaxing)
 .eh_frame      0x10002d60        0x0 /opt/devkitpro/devkitPPC/lib/gcc/powerpc-eabi/16.1.0/../../../../powerpc-eabi/lib/libc.a(libc_a-svfiprintf.o)
                                 0xcc (size before relaxing)
 .eh_frame      0x10002d60       0x14 /opt/devkitpro/devkitPPC/lib/gcc/powerpc-eabi/16.1.0/../../../../powerpc-eabi/lib/libc.a(libc_a-memchr.o)
                                 0x28 (size before relaxing)
 .eh_frame      0x10002d74       0x5c /opt/devkitpro/devkitPPC/lib/gcc/powerpc-eabi/16.1.0/../../../../powerpc-eabi/lib/libc.a(libc_a-ssprint_r.o)
                                 0x70 (size before relaxing)
 .eh_frame      0x10002dd0       0x28 /opt/devkitpro/devkitPPC/lib/gcc/powerpc-eabi/16.1.0/../../../../powerpc-eabi/lib/libc.a(libc_a-locale.o)
                                0x26c (size before relaxing)
 .eh_frame      0x10002df8        0x0 /opt/devkitpro/devkitPPC/lib/gcc/powerpc-eabi/16.1.0/../../../../powerpc-eabi/lib/libc.a(libc_a-fflush.o)
                                0x11c (size before relaxing)
 .eh_frame      0x10002df8      0x170 /opt/devkitpro/devkitPPC/lib/gcc/powerpc-eabi/16.1.0/../../../../powerpc-eabi/lib/libc.a(libc_a-dtoa.o)
                                0x184 (size before relaxing)
 .eh_frame      0x10002f68        0x0 /opt/devkitpro/devkitPPC/lib/gcc/powerpc-eabi/16.1.0/../../../../powerpc-eabi/lib/libc.a(libc_a-strtol.o)
                                 0xe8 (size before relaxing)
 .eh_frame      0x10002f68       0xa4 /opt/devkitpro/devkitPPC/lib/gcc/powerpc-eabi/16.1.0/../../../../powerpc-eabi/lib/libc.a(libc_a-__call_atexit.o)
                                 0xb8 (size before relaxing)
 .eh_frame      0x1000300c       0x14 /opt/devkitpro/devkitPPC/lib/gcc/powerpc-eabi/16.1.0/../../../../powerpc-eabi/lib/libc.a(libc_a-wcsrtombs.o)
                                 0x5c (size before relaxing)
 .eh_frame      0x10003020        0x0 /opt/devkitpro/devkitPPC/lib/gcc/powerpc-eabi/16.1.0/../../../../powerpc-eabi/lib/libc.a(libc_a-getenv_r.o)
                                 0x90 (size before relaxing)
 .eh_frame      0x10003020       0x28 /opt/devkitpro/devkitPPC/lib/gcc/powerpc-eabi/16.1.0/../../../../powerpc-eabi/lib/libc.a(libc_a-localeconv.o)
                                 0x78 (size before relaxing)
 .eh_frame      0x10003048       0x14 /opt/devkitpro/devkitPPC/lib/gcc/powerpc-eabi/16.1.0/../../../../powerpc-eabi/lib/libc.a(libc_a-atexit.o)
                                 0x28 (size before relaxing)
 .eh_frame      0x1000305c       0x30 /opt/devkitpro/devkitPPC/lib/gcc/powerpc-eabi/16.1.0/../../../../powerpc-eabi/lib/libc.a(libc_a-ssputs_r.o)
                                 0x44 (size before relaxing)
 .eh_frame      0x1000308c       0x14 /opt/devkitpro/devkitPPC/lib/gcc/powerpc-eabi/16.1.0/../../../../powerpc-eabi/lib/libc.a(libc_a-wctomb_r.o)
                                 0xb8 (size before relaxing)
 .eh_frame      0x100030a0       0x9c /opt/devkitpro/devkitPPC/lib/gcc/powerpc-eabi/16.1.0/../../../../powerpc-eabi/lib/libc.a(libc_a-wcsnrtombs.o)
                                 0xf4 (size before relaxing)
 .eh_frame      0x1000313c        0x0 /opt/devkitpro/devkitPPC/lib/gcc/powerpc-eabi/16.1.0/../../../../powerpc-eabi/lib/libc.a(libc_a-ctype_.o)
                                 0x28 (size before relaxing)
 .eh_frame      0x1000313c        0x0 /opt/devkitpro/devkitPPC/lib/gcc/powerpc-eabi/16.1.0/../../../../powerpc-eabi/lib/libc.a(libc_a-strcat.o)
                                 0x48 (size before relaxing)
 .eh_frame      0x1000313c        0x0 /opt/devkitpro/devkitPPC/lib/gcc/powerpc-eabi/16.1.0/../../../../powerpc-eabi/lib/libc.a(libc_a-envlock.o)
                                 0x3c (size before relaxing)
 .eh_frame      0x1000313c      0x254 /opt/devkitpro/devkitPPC/lib/gcc/powerpc-eabi/16.1.0/../../../../powerpc-eabi/lib/libc.a(libc_a-mprec.o)
                                0x3a4 (size before relaxing)
 .eh_frame      0x10003390        0x0 /opt/devkitpro/devkitPPC/lib/gcc/powerpc-eabi/16.1.0/../../../../powerpc-eabi/lib/libc.a(libc_a-strlcpy.o)
                                 0x28 (size before relaxing)
 .eh_frame      0x10003390        0x0 /opt/devkitpro/devkitPPC/lib/gcc/powerpc-eabi/16.1.0/../../../../powerpc-eabi/lib/libc.a(libc_a-strcpy.o)
                                 0x28 (size before relaxing)
 .eh_frame      0x10003390        0x0 /opt/devkitpro/devkitPPC/lib/gcc/powerpc-eabi/16.1.0/../../../../powerpc-eabi/lib/libc.a(libc_a-strcasecmp.o)
                                 0x28 (size before relaxing)
 .eh_frame      0x10003390       0x38 /opt/devkitpro/devkitPPC/lib/gcc/powerpc-eabi/16.1.0/../../../../powerpc-eabi/lib/libc.a(libc_a-mbtowc_r.o)
                                0x1a4 (size before relaxing)
 .eh_frame      0x100033c8        0x0 /opt/devkitpro/devkitPPC/lib/gcc/powerpc-eabi/16.1.0/../../../../powerpc-eabi/lib/libc.a(libc_a-strncasecmp.o)
                                 0x28 (size before relaxing)
 .eh_frame      0x100033c8       0x3c /opt/devkitpro/devkitPPC/lib/gcc/powerpc-eabi/16.1.0/../../../../powerpc-eabi/lib/libc.a(libc_a-callocr.o)
                                 0x50 (size before relaxing)
 .eh_frame      0x10003404       0x34 /opt/devkitpro/devkitPPC/lib/gcc/powerpc-eabi/16.1.0/../../../../powerpc-eabi/lib/libc.a(libc_a-__atexit.o)
                                 0x48 (size before relaxing)
 .eh_frame      0x10003438       0x14 /opt/devkitpro/devkitPPC/lib/gcc/powerpc-eabi/16.1.0/../../../../powerpc-eabi/lib/libc.a(libc_a-memmove.o)
                                 0x28 (size before relaxing)
 .eh_frame      0x1000344c       0x64 /opt/devkitpro/devkitPPC/lib/gcc/powerpc-eabi/16.1.0/../../../../powerpc-eabi/lib/libc.a(libc_a-reallocr.o)
                                 0x78 (size before relaxing)
 .eh_frame      0x100034b0       0x18 /opt/devkitpro/devkitPPC/lib/gcc/powerpc-eabi/16.1.0/../../../../powerpc-eabi/lib/libsysbase.a(libsysbase_libsysbase_a-assert.o)
                                 0x2c (size before relaxing)
 .eh_frame      0x100034c8        0x0 /opt/devkitpro/devkitPPC/lib/gcc/powerpc-eabi/16.1.0/../../../../powerpc-eabi/lib/libsysbase.a(libsysbase_libsysbase_a-flock.o)
                                 0x78 (size before relaxing)
 .eh_frame      0x100034c8        0x0 /opt/devkitpro/devkitPPC/lib/gcc/powerpc-eabi/16.1.0/../../../../powerpc-eabi/lib/libsysbase.a(libsysbase_libsysbase_a-lseek.o)
                                 0x5c (size before relaxing)
 .eh_frame      0x100034c8        0x0 /opt/devkitpro/devkitPPC/lib/gcc/powerpc-eabi/16.1.0/../../../../powerpc-eabi/lib/libsysbase.a(libsysbase_libsysbase_a-read.o)
                                 0x58 (size before relaxing)
 .eh_frame      0x100034c8        0x0 /opt/devkitpro/devkitPPC/lib/gcc/powerpc-eabi/16.1.0/../../../../powerpc-eabi/lib/libsysbase.a(libsysbase_libsysbase_a-write.o)
                                 0x58 (size before relaxing)
 .eh_frame      0x100034c8       0x2c /opt/devkitpro/devkitPPC/lib/gcc/powerpc-eabi/16.1.0/libgcc.a(_umoddi3.o)
                                 0x40 (size before relaxing)
 .eh_frame      0x100034f4       0x7c /opt/devkitpro/devkitPPC/lib/gcc/powerpc-eabi/16.1.0/libgcc.a(crtresxgpr.o)
 .eh_frame      0x10003570        0x0 /opt/devkitpro/devkitPPC/lib/gcc/powerpc-eabi/16.1.0/crtend.o
                                  0x4 (size before relaxing)
 .eh_frame      0x10003570        0x4 /opt/devkitpro/devkitPPC/lib/gcc/powerpc-eabi/16.1.0/ecrtn.o
                0x10003570                __EH_FRAME_END__
 *(.eh_frame.*)

.data           0x10003578     0x1da8
 *(.data .data.* .gnu.linkonce.d.*)
 .data.sGfxHasForeground
                0x10003578        0x4 /opt/devkitpro/wut/lib/libwut.a(gfx.o)
 .data.sSocket  0x1000357c        0x4 /opt/devkitpro/wut/lib/libwut.a(log_udp.o)
 .data.__wut_socket_devoptab
                0x10003580       0x80 /opt/devkitpro/wut/lib/libwut.a(wut_socket_common.o)
 .data          0x10003600        0x4 /opt/devkitpro/devkitPPC/lib/gcc/powerpc-eabi/16.1.0/libgcc.a(eabi.o)
 .data._current_working_directory
                0x10003604      0x400 /opt/devkitpro/devkitPPC/lib/gcc/powerpc-eabi/16.1.0/../../../../powerpc-eabi/lib/libsysbase.a(libsysbase_libsysbase_a-chdir.o)
 .data.handles  0x10003a04     0x1000 /opt/devkitpro/devkitPPC/lib/gcc/powerpc-eabi/16.1.0/../../../../powerpc-eabi/lib/libsysbase.a(libsysbase_libsysbase_a-handle_manager.o)
 .data.__stderr_handle
                0x10004a04        0xc /opt/devkitpro/devkitPPC/lib/gcc/powerpc-eabi/16.1.0/../../../../powerpc-eabi/lib/libsysbase.a(libsysbase_libsysbase_a-handle_manager.o)
 .data.__stdout_handle
                0x10004a10        0xc /opt/devkitpro/devkitPPC/lib/gcc/powerpc-eabi/16.1.0/../../../../powerpc-eabi/lib/libsysbase.a(libsysbase_libsysbase_a-handle_manager.o)
 .data.__stdin_handle
                0x10004a1c        0xc /opt/devkitpro/devkitPPC/lib/gcc/powerpc-eabi/16.1.0/../../../../powerpc-eabi/lib/libsysbase.a(libsysbase_libsysbase_a-handle_manager.o)
 .data.devoptab_list
                0x10004a28       0x8c /opt/devkitpro/devkitPPC/lib/gcc/powerpc-eabi/16.1.0/../../../../powerpc-eabi/lib/libsysbase.a(libsysbase_libsysbase_a-iosupport.o)
                0x10004a28                devoptab_list
 .data.defaultDevice
                0x10004ab4        0x4 /opt/devkitpro/devkitPPC/lib/gcc/powerpc-eabi/16.1.0/../../../../powerpc-eabi/lib/libsysbase.a(libsysbase_libsysbase_a-iosupport.o)
 .data._impure_data
                0x10004ab8      0x200 /opt/devkitpro/devkitPPC/lib/gcc/powerpc-eabi/16.1.0/../../../../powerpc-eabi/lib/libc.a(libc_a-impure.o)
                0x10004ab8                _impure_data
 .data.__malloc_av_
                0x10004cb8      0x408 /opt/devkitpro/devkitPPC/lib/gcc/powerpc-eabi/16.1.0/../../../../powerpc-eabi/lib/libc.a(libc_a-mallocr.o)
                0x10004cb8                __malloc_av_
 .data.__global_locale
                0x100050c0      0x254 /opt/devkitpro/devkitPPC/lib/gcc/powerpc-eabi/16.1.0/../../../../powerpc-eabi/lib/libc.a(libc_a-locale.o)
                0x100050c0                __global_locale
 *(.data1)
 *(.sdata .sdata.* .gnu.linkonce.s.*)
 .sdata         0x10005314        0x0 /opt/devkitpro/devkitPPC/lib/gcc/powerpc-eabi/16.1.0/ecrti.o
                0x10005314                __SDATA_START__
 .sdata         0x10005314        0x0 /opt/devkitpro/devkitPPC/lib/gcc/powerpc-eabi/16.1.0/crtbegin.o
                0x1000d314                _SDA_BASE_
 .sdata         0x10005314        0x4 /opt/devkitpro/devkitPPC/lib/gcc/powerpc-eabi/16.1.0/../../../../powerpc-eabi/lib/libc.a(libc_a-impure.o)
                0x10005314                _impure_ptr
 .sdata.__malloc_sbrk_base
                0x10005318        0x4 /opt/devkitpro/devkitPPC/lib/gcc/powerpc-eabi/16.1.0/../../../../powerpc-eabi/lib/libc.a(libc_a-mallocr.o)
                0x10005318                __malloc_sbrk_base
 .sdata.__malloc_trim_threshold
                0x1000531c        0x4 /opt/devkitpro/devkitPPC/lib/gcc/powerpc-eabi/16.1.0/../../../../powerpc-eabi/lib/libc.a(libc_a-mallocr.o)
                0x1000531c                __malloc_trim_threshold

.bss            0x10005320      0xe68
 *(.dynsbss)
 *(.sbss .sbss.* .gnu.linkonce.sb.*)
 .sbss.__wut_exit
                0x10005320        0x4 /opt/devkitpro/wut/lib/libwut.a(wut_newlib.o)
                0x10005320                __wut_exit
 .sbss.__malloc_max_total_mem
                0x10005324        0x4 /opt/devkitpro/devkitPPC/lib/gcc/powerpc-eabi/16.1.0/../../../../powerpc-eabi/lib/libc.a(libc_a-mallocr.o)
                0x10005324                __malloc_max_total_mem
 .sbss.__malloc_max_sbrked_mem
                0x10005328        0x4 /opt/devkitpro/devkitPPC/lib/gcc/powerpc-eabi/16.1.0/../../../../powerpc-eabi/lib/libc.a(libc_a-mallocr.o)
                0x10005328                __malloc_max_sbrked_mem
 .sbss.__malloc_top_pad
                0x1000532c        0x4 /opt/devkitpro/devkitPPC/lib/gcc/powerpc-eabi/16.1.0/../../../../powerpc-eabi/lib/libc.a(libc_a-mallocr.o)
                0x1000532c                __malloc_top_pad
 .sbss.__stdio_exit_handler
                0x10005330        0x4 /opt/devkitpro/devkitPPC/lib/gcc/powerpc-eabi/16.1.0/../../../../powerpc-eabi/lib/libc.a(libc_a-findfp.o)
                0x10005330                __stdio_exit_handler
 .sbss.__atexit
                0x10005334        0x4 /opt/devkitpro/devkitPPC/lib/gcc/powerpc-eabi/16.1.0/../../../../powerpc-eabi/lib/libc.a(libc_a-__call_atexit.o)
                0x10005334                __atexit
 .sbss.__atexit_recursive_mutex
                0x10005338        0x8 /opt/devkitpro/devkitPPC/lib/gcc/powerpc-eabi/16.1.0/../../../../powerpc-eabi/lib/libc.a(libc_a-__call_atexit.o)
                0x10005338                __atexit_recursive_mutex
 .sbss          0x10005340        0x0 /opt/devkitpro/devkitPPC/lib/gcc/powerpc-eabi/16.1.0/ecrtn.o
                0x10005340                __SBSS_END__
 *(.scommon)
 *(.dynbss)
 *(.bss .bss.* .gnu.linkonce.b.*)
 .bss.completed.2
                0x10005340        0x1 /opt/devkitpro/devkitPPC/lib/gcc/powerpc-eabi/16.1.0/crtbegin.o
 *fill*         0x10005341        0x3 
 .bss.dtor_idx.1
                0x10005344        0x4 /opt/devkitpro/devkitPPC/lib/gcc/powerpc-eabi/16.1.0/crtbegin.o
 .bss.object.0  0x10005348       0x18 /opt/devkitpro/devkitPPC/lib/gcc/powerpc-eabi/16.1.0/crtbegin.o
 .bss           0x10005360        0x8 proc.o
 .bss.sHeapSize
                0x10005368        0x4 /opt/devkitpro/wut/lib/libwut.a(wut_sbrk.o)
 .bss.sHeapMaxSize
                0x1000536c        0x4 /opt/devkitpro/wut/lib/libwut.a(wut_sbrk.o)
 .bss.sHeapBase
                0x10005370        0x4 /opt/devkitpro/wut/lib/libwut.a(wut_sbrk.o)
 .bss.sHeapHandle
                0x10005374        0x4 /opt/devkitpro/wut/lib/libwut.a(wut_sbrk.o)
 *fill*         0x10005378        0x8 
 .bss.sMallocSpinLock
                0x10005380       0x10 /opt/devkitpro/wut/lib/libwut.a(wut_thread.o)
 .bss.sSyncSpinLock
                0x10005390       0x10 /opt/devkitpro/wut/lib/libwut.a(wut_thread.o)
 .bss.sGpuTimedOut
                0x100053a0        0x4 /opt/devkitpro/wut/lib/libwut.a(gfx.o)
 .bss.sDrawingTv
                0x100053a4        0x4 /opt/devkitpro/wut/lib/libwut.a(gfx.o)
 .bss.sDrcContextState
                0x100053a8        0x4 /opt/devkitpro/wut/lib/libwut.a(gfx.o)
 .bss.sTvContextState
                0x100053ac        0x4 /opt/devkitpro/wut/lib/libwut.a(gfx.o)
 .bss.sDrcDepthBuffer
                0x100053b0       0xac /opt/devkitpro/wut/lib/libwut.a(gfx.o)
 .bss.sDrcColourBuffer
                0x1000545c       0x9c /opt/devkitpro/wut/lib/libwut.a(gfx.o)
 .bss.sTvDepthBuffer
                0x100054f8       0xac /opt/devkitpro/wut/lib/libwut.a(gfx.o)
 .bss.sTvColourBuffer
                0x100055a4       0x9c /opt/devkitpro/wut/lib/libwut.a(gfx.o)
 .bss.sTvSurfaceFormat
                0x10005640        0x4 /opt/devkitpro/wut/lib/libwut.a(gfx.o)
 .bss.sTvScanBufferSize
                0x10005644        0x4 /opt/devkitpro/wut/lib/libwut.a(gfx.o)
 .bss.sTvScanBuffer
                0x10005648        0x4 /opt/devkitpro/wut/lib/libwut.a(gfx.o)
 .bss.sTvRenderMode
                0x1000564c        0x4 /opt/devkitpro/wut/lib/libwut.a(gfx.o)
 .bss.sDrcSurfaceFormat
                0x10005650        0x4 /opt/devkitpro/wut/lib/libwut.a(gfx.o)
 .bss.sDrcScanBufferSize
                0x10005654        0x4 /opt/devkitpro/wut/lib/libwut.a(gfx.o)
 .bss.sDrcScanBuffer
                0x10005658        0x4 /opt/devkitpro/wut/lib/libwut.a(gfx.o)
 .bss.sDrcRenderMode
                0x1000565c        0x4 /opt/devkitpro/wut/lib/libwut.a(gfx.o)
 .bss.sCommandBufferPool
                0x10005660        0x4 /opt/devkitpro/wut/lib/libwut.a(gfx.o)
 .bss.sGfxHeapForeground
                0x10005664        0x4 /opt/devkitpro/wut/lib/libwut.a(gfx_heap.o)
 .bss.sGfxHeapMEM1
                0x10005668        0x4 /opt/devkitpro/wut/lib/libwut.a(gfx_heap.o)
 .bss.sHandlers
                0x1000566c       0x40 /opt/devkitpro/wut/lib/libwut.a(log.o)
 .bss.sSendAddr
                0x100056ac       0x10 /opt/devkitpro/wut/lib/libwut.a(log_udp.o)
 *fill*         0x100056bc        0x4 
 .bss.__wut_fsa_device_data
                0x100056c0      0x3b8 /opt/devkitpro/wut/lib/libwut.a(devoptab_fsa.o)
                0x100056c0                __wut_fsa_device_data
 .bss.temp_cwd  0x10005a78      0x400 /opt/devkitpro/devkitPPC/lib/gcc/powerpc-eabi/16.1.0/../../../../powerpc-eabi/lib/libsysbase.a(libsysbase_libsysbase_a-chdir.o)
 .bss.__hndl_lock
                0x10005e78        0x4 /opt/devkitpro/devkitPPC/lib/gcc/powerpc-eabi/16.1.0/../../../../powerpc-eabi/lib/libsysbase.a(libsysbase_libsysbase_a-handle_manager.o)
 .bss.__malloc_current_mallinfo
                0x10005e7c       0x28 /opt/devkitpro/devkitPPC/lib/gcc/powerpc-eabi/16.1.0/../../../../powerpc-eabi/lib/libc.a(libc_a-mallocr.o)
                0x10005e7c                __malloc_current_mallinfo
 *fill*         0x10005ea4        0x4 
 .bss.__sf      0x10005ea8      0x150 /opt/devkitpro/devkitPPC/lib/gcc/powerpc-eabi/16.1.0/../../../../powerpc-eabi/lib/libc.a(libc_a-findfp.o)
                0x10005ea8                __sf
 .bss.__atexit0
                0x10005ff8      0x190 /opt/devkitpro/devkitPPC/lib/gcc/powerpc-eabi/16.1.0/../../../../powerpc-eabi/lib/libc.a(libc_a-__atexit.o)
                0x10005ff8                __atexit0
 *(COMMON)

.iplt           0x10006190        0x0
 .iplt          0x10006190        0x0 /opt/devkitpro/devkitPPC/lib/gcc/powerpc-eabi/16.1.0/crtbegin.o
                0xc0000000                        . = ORIGIN (loadmem)

.wut_load_bounds
                0xc0000000        0x4
                0xc0000000        0x4 LONG 0x0

.fexports       0xc0000020       0x20
 *(.fexports)
 .fexports      0xc0000020       0x20 /opt/devkitpro/wut/lib/libwut.a(crt0_rpx.o)

.dexports
 *(.dexports)

.fimport_avm
 *(.fimport_avm)
 *(.fimport_avm.*)

.fimport_camera
 *(.fimport_camera)
 *(.fimport_camera.*)

.fimport_coreinit
                0xc0000040      0x1e8
 *(.fimport_coreinit)
 .fimport_coreinit
                0xc0000040       0x18 /opt/devkitpro/wut/lib/libwut.a(coreinit.o)
 *(.fimport_coreinit.*)
 .fimport_coreinit.FSAAddClient
                0xc0000058        0x8 /opt/devkitpro/wut/lib/libwut.a(coreinit.o)
                0xc0000058                FSAAddClient
 .fimport_coreinit.FSAChangeDir
                0xc0000060        0x8 /opt/devkitpro/wut/lib/libwut.a(coreinit.o)
                0xc0000060                FSAChangeDir
 .fimport_coreinit.FSAChangeMode
                0xc0000068        0x8 /opt/devkitpro/wut/lib/libwut.a(coreinit.o)
                0xc0000068                FSAChangeMode
 .fimport_coreinit.FSACloseDir
                0xc0000070        0x8 /opt/devkitpro/wut/lib/libwut.a(coreinit.o)
                0xc0000070                FSACloseDir
 .fimport_coreinit.FSACloseFile
                0xc0000078        0x8 /opt/devkitpro/wut/lib/libwut.a(coreinit.o)
                0xc0000078                FSACloseFile
 .fimport_coreinit.FSADelClient
                0xc0000080        0x8 /opt/devkitpro/wut/lib/libwut.a(coreinit.o)
                0xc0000080                FSADelClient
 .fimport_coreinit.FSAFlushFile
                0xc0000088        0x8 /opt/devkitpro/wut/lib/libwut.a(coreinit.o)
                0xc0000088                FSAFlushFile
 .fimport_coreinit.FSAGetDeviceInfo
                0xc0000090        0x8 /opt/devkitpro/wut/lib/libwut.a(coreinit.o)
                0xc0000090                FSAGetDeviceInfo
 .fimport_coreinit.FSAGetFreeSpaceSize
                0xc0000098        0x8 /opt/devkitpro/wut/lib/libwut.a(coreinit.o)
                0xc0000098                FSAGetFreeSpaceSize
 .fimport_coreinit.FSAGetStat
                0xc00000a0        0x8 /opt/devkitpro/wut/lib/libwut.a(coreinit.o)
                0xc00000a0                FSAGetStat
 .fimport_coreinit.FSAGetStatFile
                0xc00000a8        0x8 /opt/devkitpro/wut/lib/libwut.a(coreinit.o)
                0xc00000a8                FSAGetStatFile
 .fimport_coreinit.FSAInit
                0xc00000b0        0x8 /opt/devkitpro/wut/lib/libwut.a(coreinit.o)
                0xc00000b0                FSAInit
 .fimport_coreinit.FSAMakeDir
                0xc00000b8        0x8 /opt/devkitpro/wut/lib/libwut.a(coreinit.o)
                0xc00000b8                FSAMakeDir
 .fimport_coreinit.FSAMount
                0xc00000c0        0x8 /opt/devkitpro/wut/lib/libwut.a(coreinit.o)
                0xc00000c0                FSAMount
 .fimport_coreinit.FSAOpenDir
                0xc00000c8        0x8 /opt/devkitpro/wut/lib/libwut.a(coreinit.o)
                0xc00000c8                FSAOpenDir
 .fimport_coreinit.FSAOpenFileEx
                0xc00000d0        0x8 /opt/devkitpro/wut/lib/libwut.a(coreinit.o)
                0xc00000d0                FSAOpenFileEx
 .fimport_coreinit.FSAReadDir
                0xc00000d8        0x8 /opt/devkitpro/wut/lib/libwut.a(coreinit.o)
                0xc00000d8                FSAReadDir
 .fimport_coreinit.FSAReadFile
                0xc00000e0        0x8 /opt/devkitpro/wut/lib/libwut.a(coreinit.o)
                0xc00000e0                FSAReadFile
 .fimport_coreinit.FSARemove
                0xc00000e8        0x8 /opt/devkitpro/wut/lib/libwut.a(coreinit.o)
                0xc00000e8                FSARemove
 .fimport_coreinit.FSARename
                0xc00000f0        0x8 /opt/devkitpro/wut/lib/libwut.a(coreinit.o)
                0xc00000f0                FSARename
 .fimport_coreinit.FSARewindDir
                0xc00000f8        0x8 /opt/devkitpro/wut/lib/libwut.a(coreinit.o)
                0xc00000f8                FSARewindDir
 .fimport_coreinit.FSASetPosFile
                0xc0000100        0x8 /opt/devkitpro/wut/lib/libwut.a(coreinit.o)
                0xc0000100                FSASetPosFile
 .fimport_coreinit.FSATruncateFile
                0xc0000108        0x8 /opt/devkitpro/wut/lib/libwut.a(coreinit.o)
                0xc0000108                FSATruncateFile
 .fimport_coreinit.FSAUnmount
                0xc0000110        0x8 /opt/devkitpro/wut/lib/libwut.a(coreinit.o)
                0xc0000110                FSAUnmount
 .fimport_coreinit.FSAWriteFile
                0xc0000118        0x8 /opt/devkitpro/wut/lib/libwut.a(coreinit.o)
                0xc0000118                FSAWriteFile
 .fimport_coreinit.MEMAllocFromExpHeapEx
                0xc0000120        0x8 /opt/devkitpro/wut/lib/libwut.a(coreinit.o)
                0xc0000120                MEMAllocFromExpHeapEx
 .fimport_coreinit.MEMAllocFromFrmHeapEx
                0xc0000128        0x8 /opt/devkitpro/wut/lib/libwut.a(coreinit.o)
                0xc0000128                MEMAllocFromFrmHeapEx
 .fimport_coreinit.MEMCreateExpHeapEx
                0xc0000130        0x8 /opt/devkitpro/wut/lib/libwut.a(coreinit.o)
                0xc0000130                MEMCreateExpHeapEx
 .fimport_coreinit.MEMDestroyExpHeap
                0xc0000138        0x8 /opt/devkitpro/wut/lib/libwut.a(coreinit.o)
                0xc0000138                MEMDestroyExpHeap
 .fimport_coreinit.MEMFreeByStateToFrmHeap
                0xc0000140        0x8 /opt/devkitpro/wut/lib/libwut.a(coreinit.o)
                0xc0000140                MEMFreeByStateToFrmHeap